This is pdfTeX, Version 3.141592653-2.6-1.40.28 (MiKTeX 25.12) (preloaded format=pdflatex 2026.4.28)  18 JUN 2026 23:50
entering extended mode
 restricted \write18 enabled.
 file:line:error style messages enabled.
 %&-line parsing enabled.
**c:/Users/ngeorgakopulos/Desktop/Metalurgia/tests/code/BayeStarML/BayestarML/Memoria/main.tex
(c:/Users/ngeorgakopulos/Desktop/Metalurgia/tests/code/BayeStarML/BayestarML/Memoria/main.tex
LaTeX2e <2025-11-01>
L3 programming layer <2025-12-24>
(configuracion.tex (C:\Users\ngeorgakopulos\AppData\Local\Programs\MiKTeX\tex/latex/koma-script\scrartcl.cls
Document Class: scrartcl 2026/02/02 v3.49.2 KOMA-Script document class (article)
(C:\Users\ngeorgakopulos\AppData\Local\Programs\MiKTeX\tex/latex/koma-script\scrkbase.sty
Package: scrkbase 2026/02/02 v3.49.2 KOMA-Script package (KOMA-Script-dependent basics and keyval usage)
 (C:\Users\ngeorgakopulos\AppData\Local\Programs\MiKTeX\tex/latex/koma-script\scrbase.sty
Package: scrbase 2026/02/02 v3.49.2 KOMA-Script package (KOMA-Script-independent basics and keyval usage)
 (C:\Users\ngeorgakopulos\AppData\Local\Programs\MiKTeX\tex/latex/koma-script\scrlfile.sty
Package: scrlfile 2026/02/02 v3.49.2 KOMA-Script package (file load hooks)
 (C:\Users\ngeorgakopulos\AppData\Local\Programs\MiKTeX\tex/latex/koma-script\scrlfile-hook.sty
Package: scrlfile-hook 2026/02/02 v3.49.2 KOMA-Script package (using LaTeX hooks)
 (C:\Users\ngeorgakopulos\AppData\Local\Programs\MiKTeX\tex/latex/koma-script\scrlogo.sty
Package: scrlogo 2026/02/02 v3.49.2 KOMA-Script package (logo)
))) (C:\Users\ngeorgakopulos\AppData\Local\Programs\MiKTeX\tex/latex/graphics\keyval.sty
Package: keyval 2022/05/29 v1.15 key=value parser (DPC)
\KV@toks@=\toks17
)
Applying: [2021/05/01] Usage of raw or classic option list on input line 254.
Already applied: [0000/00/00] Usage of raw or classic option list on input line 370.
)) (C:\Users\ngeorgakopulos\AppData\Local\Programs\MiKTeX\tex/latex/koma-script\tocbasic.sty
Package: tocbasic 2026/02/02 v3.49.2 KOMA-Script package (handling toc-files)
\scr@dte@tocline@numberwidth=\skip49
\scr@dte@tocline@numbox=\box53
)
Package tocbasic Info: omitting babel extension for `toc'
(tocbasic)             because of feature `nobabel' available
(tocbasic)             for `toc' on input line 141.
Class scrartcl Info: File `scrsize12pt.clo' used to setup font sizes on input line 2489.
 (C:\Users\ngeorgakopulos\AppData\Local\Programs\MiKTeX\tex/latex/koma-script\scrsize12pt.clo
File: scrsize12pt.clo 2026/02/02 v3.49.2 KOMA-Script font size class option (12pt)
) (C:\Users\ngeorgakopulos\AppData\Local\Programs\MiKTeX\tex/latex/koma-script\typearea.sty
Package: typearea 2026/02/02 v3.49.2 KOMA-Script package (type area)
\ta@bcor=\skip50
\ta@div=\count275
\ta@hblk=\skip51
\ta@vblk=\skip52
\ta@temp=\skip53
\footheight=\skip54
Package typearea Info: These are the values describing the layout:
(typearea)             DIV  = 12
(typearea)             BCOR = 0.0pt
(typearea)             \paperwidth      = 597.50793pt
(typearea)              \textwidth      = 448.13095pt
(typearea)              DIV departure   = -6%
(typearea)              \evensidemargin = 2.4185pt
(typearea)              \oddsidemargin  = 2.4185pt
(typearea)             \paperheight     = 845.04694pt
(typearea)              \textheight     = 635.5pt
(typearea)              \topmargin      = -41.72441pt
(typearea)              \headheight     = 18.125pt
(typearea)              \headsep        = 21.75pt
(typearea)              \topskip        = 12.0pt
(typearea)              \footskip       = 50.75pt
(typearea)              \baselineskip   = 14.5pt
(typearea)              on input line 1810.
)
\c@part=\count276
\c@section=\count277
\c@subsection=\count278
\c@subsubsection=\count279
\c@paragraph=\count280
\c@subparagraph=\count281
\scr@dte@section@maxnumwidth=\skip55
Class scrartcl Info: using compatibility default `runin=bysign'
(scrartcl)           for `\section on input line 5015.
Class scrartcl Info: using compatibility default `afterindent=bysign'
(scrartcl)           for `\section on input line 5015.
\scr@dte@part@maxnumwidth=\skip56
Class scrartcl Info: using compatibility default `afterindent=false'
(scrartcl)           for `\part on input line 5023.
\scr@dte@subsection@maxnumwidth=\skip57
Class scrartcl Info: using compatibility default `runin=bysign'
(scrartcl)           for `\subsection on input line 5033.
Class scrartcl Info: using compatibility default `afterindent=bysign'
(scrartcl)           for `\subsection on input line 5033.
\scr@dte@subsubsection@maxnumwidth=\skip58
Class scrartcl Info: using compatibility default `runin=bysign'
(scrartcl)           for `\subsubsection on input line 5043.
Class scrartcl Info: using compatibility default `afterindent=bysign'
(scrartcl)           for `\subsubsection on input line 5043.
\scr@dte@paragraph@maxnumwidth=\skip59
Class scrartcl Info: using compatibility default `runin=bysign'
(scrartcl)           for `\paragraph on input line 5054.
Class scrartcl Info: using compatibility default `afterindent=bysign'
(scrartcl)           for `\paragraph on input line 5054.
\scr@dte@subparagraph@maxnumwidth=\skip60
Class scrartcl Info: using compatibility default `runin=bysign'
(scrartcl)           for `\subparagraph on input line 5064.
Class scrartcl Info: using compatibility default `afterindent=bysign'
(scrartcl)           for `\subparagraph on input line 5064.
\abovecaptionskip=\skip61
\belowcaptionskip=\skip62
\c@pti@nb@sid@b@x=\box54
Package tocbasic Info: omitting babel extension for `lof'
(tocbasic)             because of feature `nobabel' available
(tocbasic)             for `lof' on input line 6287.
\scr@dte@figure@maxnumwidth=\skip63
\c@figure=\count282
Package tocbasic Info: omitting babel extension for `lot'
(tocbasic)             because of feature `nobabel' available
(tocbasic)             for `lot' on input line 6299.
\scr@dte@table@maxnumwidth=\skip64
\c@table=\count283
Class scrartcl Info: Redefining `\numberline' on input line 6469.
\bibindent=\dimen148
) (C:\Users\ngeorgakopulos\AppData\Local\Programs\MiKTeX\tex/generic/babel\babel.sty
Package: babel 2025/12/11 v25.17 The multilingual framework for LuaLaTeX, pdfLaTeX and XeLaTeX
\babel@savecnt=\count284
LaTeX Encoding Info:    Redeclaring text command \ij (encoding OT1) on input line 2068.
LaTeX Encoding Info:    Redeclaring text command \IJ (encoding OT1) on input line 2070.
LaTeX Encoding Info:    Redeclaring text command \ij (encoding T1) on input line 2072.
LaTeX Encoding Info:    Redeclaring text command \IJ (encoding T1) on input line 2073.
LaTeX Encoding Info:    Ignoring declaration for text command \ij (encoding ?) on input line 2074.
LaTeX Encoding Info:    Ignoring declaration for text command \IJ (encoding ?) on input line 2076.
LaTeX Encoding Info:    Ignoring declaration for text command \SS (encoding ?) on input line 2101.
\U@D=\dimen149
\l@unhyphenated=\language79
 (C:\Users\ngeorgakopulos\AppData\Local\Programs\MiKTeX\tex/generic/babel\txtbabel.def)
\bbl@readstream=\read2
\bbl@dirlevel=\count285
Package babel Info: Configuration files are deprecated, as
(babel)             they can break document portability.
(babel)             Reported on input line 4196.

*************************************
* Local config file bblopts.cfg used
*
(C:\Users\ngeorgakopulos\AppData\Local\Programs\MiKTeX\tex/latex/arabi\bblopts.cfg
File: bblopts.cfg 2005/09/08 v0.1 add Arabic and Farsi to "declared" options of babel
) (C:\Users\ngeorgakopulos\AppData\Local\Programs\MiKTeX\tex/generic/babel/locale/en\babel-british.tex)
Package babel Info: Importing font and identification data for british
(babel)             from babel-en-GB.ini. Reported on input line 4320.
 (C:\Users\ngeorgakopulos\AppData\Local\Programs\MiKTeX\tex/latex/babel-english\british.ldf
Language: british 2017/06/06 v3.3r English support from the babel system
 (C:\Users\ngeorgakopulos\AppData\Local\Programs\MiKTeX\tex/latex/babel-english\english.ldf
Language: english 2017/06/06 v3.3r English support from the babel system
Package babel Info: Hyphen rules for 'canadian' set to \l@english
(babel)             (\language0). Reported on input line 102.
Package babel Info: Hyphen rules for 'australian' set to \l@ukenglish
(babel)             (\language73). Reported on input line 105.
Package babel Info: Hyphen rules for 'newzealand' set to \l@ukenglish
(babel)             (\language73). Reported on input line 108.
))) (C:\Users\ngeorgakopulos\AppData\Local\Programs\MiKTeX\tex/latex/base\inputenc.sty
Package: inputenc 2024/02/08 v1.3d Input encoding file
\inpenc@prehook=\toks18
\inpenc@posthook=\toks19
) (C:\Users\ngeorgakopulos\AppData\Local\Programs\MiKTeX\tex/latex/base\fontenc.sty
Package: fontenc 2025/07/18 v2.1d Standard LaTeX package
) (C:\Users\ngeorgakopulos\AppData\Local\Programs\MiKTeX\tex/latex/amsmath\amsmath.sty
Package: amsmath 2025/07/09 v2.17z AMS math features
\@mathmargin=\skip65

For additional information on amsmath, use the `?' option.
(C:\Users\ngeorgakopulos\AppData\Local\Programs\MiKTeX\tex/latex/amsmath\amstext.sty
Package: amstext 2024/11/17 v2.01 AMS text
 (C:\Users\ngeorgakopulos\AppData\Local\Programs\MiKTeX\tex/latex/amsmath\amsgen.sty
File: amsgen.sty 1999/11/30 v2.0 generic functions
\@emptytoks=\toks20
\ex@=\dimen150
)) (C:\Users\ngeorgakopulos\AppData\Local\Programs\MiKTeX\tex/latex/amsmath\amsbsy.sty
Package: amsbsy 1999/11/29 v1.2d Bold Symbols
\pmbraise@=\dimen151
) (C:\Users\ngeorgakopulos\AppData\Local\Programs\MiKTeX\tex/latex/amsmath\amsopn.sty
Package: amsopn 2022/04/08 v2.04 operator names
)
\inf@bad=\count286
LaTeX Info: Redefining \frac on input line 233.
\uproot@=\count287
\leftroot@=\count288
LaTeX Info: Redefining \overline on input line 398.
LaTeX Info: Redefining \colon on input line 409.
\classnum@=\count289
\DOTSCASE@=\count290
LaTeX Info: Redefining \ldots on input line 495.
LaTeX Info: Redefining \dots on input line 498.
LaTeX Info: Redefining \cdots on input line 619.
\Mathstrutbox@=\box55
\strutbox@=\box56
LaTeX Info: Redefining \big on input line 721.
LaTeX Info: Redefining \Big on input line 722.
LaTeX Info: Redefining \bigg on input line 723.
LaTeX Info: Redefining \Bigg on input line 724.
\big@size=\dimen152
LaTeX Font Info:    Redeclaring font encoding OML on input line 742.
LaTeX Font Info:    Redeclaring font encoding OMS on input line 743.
\macc@depth=\count291
LaTeX Info: Redefining \bmod on input line 904.
LaTeX Info: Redefining \pmod on input line 909.
LaTeX Info: Redefining \smash on input line 939.
LaTeX Info: Redefining \relbar on input line 969.
LaTeX Info: Redefining \Relbar on input line 970.
\c@MaxMatrixCols=\count292
\dotsspace@=\muskip17
\c@parentequation=\count293
\dspbrk@lvl=\count294
\tag@help=\toks21
\row@=\count295
\column@=\count296
\maxfields@=\count297
\andhelp@=\toks22
\eqnshift@=\dimen153
\alignsep@=\dimen154
\tagshift@=\dimen155
\tagwidth@=\dimen156
\totwidth@=\dimen157
\lineht@=\dimen158
\@envbody=\toks23
\multlinegap=\skip66
\multlinetaggap=\skip67
\mathdisplay@stack=\toks24
LaTeX Info: Redefining \[ on input line 2950.
LaTeX Info: Redefining \] on input line 2951.
) (C:\Users\ngeorgakopulos\AppData\Local\Programs\MiKTeX\tex/latex/amsfonts\amsfonts.sty
Package: amsfonts 2013/01/14 v3.01 Basic AMSFonts support
\symAMSa=\mathgroup4
\symAMSb=\mathgroup5
LaTeX Font Info:    Redeclaring math symbol \hbar on input line 98.
LaTeX Font Info:    Overwriting math alphabet `\mathfrak' in version `bold'
(Font)                  U/euf/m/n --> U/euf/b/n on input line 106.
) (C:\Users\ngeorgakopulos\AppData\Local\Programs\MiKTeX\tex/latex/amsfonts\amssymb.sty
Package: amssymb 2013/01/14 v3.01 AMS font symbols
) (C:\Users\ngeorgakopulos\AppData\Local\Programs\MiKTeX\tex/latex/amscls\amsthm.sty
Package: amsthm 2020/05/29 v2.20.6
\thm@style=\toks25
\thm@bodyfont=\toks26
\thm@headfont=\toks27
\thm@notefont=\toks28
\thm@headpunct=\toks29
\thm@preskip=\skip68
\thm@postskip=\skip69
\thm@headsep=\skip70
\dth@everypar=\toks30
) (C:\Users\ngeorgakopulos\AppData\Local\Programs\MiKTeX\tex/latex/xpatch\xpatch.sty (C:\Users\ngeorgakopulos\AppData\Local\Programs\MiKTeX\tex/latex/l3kernel\expl3.sty
Package: expl3 2025-12-24 L3 programming layer (loader) 
 (C:\Users\ngeorgakopulos\AppData\Local\Programs\MiKTeX\tex/latex/l3backend\l3backend-pdftex.def
File: l3backend-pdftex.def 2025-10-09 L3 backend support: PDF output (pdfTeX)
\l__color_backend_stack_int=\count298
))
Package: xpatch 2020/03/25 v0.3a Extending etoolbox patching commands
 (C:\Users\ngeorgakopulos\AppData\Local\Programs\MiKTeX\tex/latex/l3packages/xparse\xparse.sty
Package: xparse 2025-10-09 L3 Experimental document command parser
) (C:\Users\ngeorgakopulos\AppData\Local\Programs\MiKTeX\tex/latex/etoolbox\etoolbox.sty
Package: etoolbox 2025/10/02 v2.5m e-TeX tools for LaTeX (JAW)
\etb@tempcnta=\count299
))
Class scrartcl Info: amsthm's \deferred@thm@head patched.
 (C:\Users\ngeorgakopulos\AppData\Local\Programs\MiKTeX\tex/latex/accents\accents.sty
Package: accents 2006/05/12 v1.4 Math Accent Tools
\cc@skew=\dimen159
\cc@wd=\dimen160
\cc@code=\count300
\cc@group=\count301
\cc@skewchar=\count302
) (C:\Users\ngeorgakopulos\AppData\Local\Programs\MiKTeX\tex/latex/cancel\cancel.sty
Package: cancel 2013/04/12 v2.2 Cancel math terms
) (C:\Users\ngeorgakopulos\AppData\Local\Programs\MiKTeX\tex/latex/siunitx\siunitx.sty
Package: siunitx 2026-05-15 v3.5.5 A comprehensive (SI) units package
\l__siunitx_number_uncert_offset_int=\count303
\l__siunitx_number_exponent_fixed_int=\count304
\l__siunitx_number_min_decimal_int=\count305
\l__siunitx_number_min_integer_int=\count306
\l__siunitx_number_round_precision_int=\count307
\l__siunitx_number_lower_threshold_int=\count308
\l__siunitx_number_upper_threshold_int=\count309
\l__siunitx_number_group_first_int=\count310
\l__siunitx_number_group_size_int=\count311
\l__siunitx_number_group_min_int=\count312
\l__siunitx_number_group_minimum_int=\count313
\l__siunitx_compound_count_int=\count314
 (C:\Users\ngeorgakopulos\AppData\Local\Programs\MiKTeX\tex/latex/translations\translations.sty
Package: translations 2022/02/05 v1.12 internationalization of LaTeX2e packages (CN)
 (C:\Users\ngeorgakopulos\AppData\Local\Programs\MiKTeX\tex/generic/pdftexcmds\pdftexcmds.sty
Package: pdftexcmds 2020-06-27 v0.33 Utility functions of pdfTeX for LuaTeX (HO)
 (C:\Users\ngeorgakopulos\AppData\Local\Programs\MiKTeX\tex/generic/infwarerr\infwarerr.sty
Package: infwarerr 2019/12/03 v1.5 Providing info/warning/error messages (HO)
) (C:\Users\ngeorgakopulos\AppData\Local\Programs\MiKTeX\tex/generic/iftex\iftex.sty
Package: iftex 2024/12/12 v1.0g TeX engine tests
) (C:\Users\ngeorgakopulos\AppData\Local\Programs\MiKTeX\tex/generic/ltxcmds\ltxcmds.sty
Package: ltxcmds 2023-12-04 v1.26 LaTeX kernel commands for general use (HO)
)
Package pdftexcmds Info: \pdf@primitive is available.
Package pdftexcmds Info: \pdf@ifprimitive is available.
Package pdftexcmds Info: \pdfdraftmode found.
))
\l__siunitx_table_tmp_box=\box57
\l__siunitx_table_tmp_dim=\dimen161
\l__siunitx_table_column_width_dim=\dimen162
\l__siunitx_table_integer_box=\box58
\l__siunitx_table_decimal_box=\box59
\l__siunitx_table_uncert_box=\box60
\l__siunitx_table_before_box=\box61
\l__siunitx_table_after_box=\box62
\l__siunitx_table_before_dim=\dimen163
\l__siunitx_table_carry_dim=\dimen164
\l__siunitx_unit_tmp_int=\count315
\l__siunitx_unit_position_int=\count316
\l__siunitx_unit_total_int=\count317
\l__siunitx_sexagesimal_tmp_dim=\dimen165
\l__siunitx_sexagesimal_marker_box=\box63
\l__siunitx_sexagesimal_unit_box=\box64
 (C:\Users\ngeorgakopulos\AppData\Local\Programs\MiKTeX\tex/latex/tools\array.sty
Package: array 2025/09/25 v2.6n Tabular extension package (FMi)
\col@sep=\dimen166
\ar@mcellbox=\box65
\extrarowheight=\dimen167
\NC@list=\toks31
\extratabsurround=\skip71
\backup@length=\skip72
\ar@cellbox=\box66
)) (C:\Users\ngeorgakopulos\AppData\Local\Programs\MiKTeX\tex/latex/graphics\graphicx.sty
Package: graphicx 2024/12/31 v1.2e Enhanced LaTeX Graphics (DPC,SPQR)
 (C:\Users\ngeorgakopulos\AppData\Local\Programs\MiKTeX\tex/latex/graphics\graphics.sty
Package: graphics 2024/08/06 v1.4g Standard LaTeX Graphics (DPC,SPQR)
 (C:\Users\ngeorgakopulos\AppData\Local\Programs\MiKTeX\tex/latex/graphics\trig.sty
Package: trig 2023/12/02 v1.11 sin cos tan (DPC)
) (C:\Users\ngeorgakopulos\AppData\Local\Programs\MiKTeX\tex/latex/graphics-cfg\graphics.cfg
File: graphics.cfg 2016/06/04 v1.11 sample graphics configuration
)
Package graphics Info: Driver file: pdftex.def on input line 106.
 (C:\Users\ngeorgakopulos\AppData\Local\Programs\MiKTeX\tex/latex/graphics-def\pdftex.def
File: pdftex.def 2025/09/29 v1.2d Graphics/color driver for pdftex
))
\Gin@req@height=\dimen168
\Gin@req@width=\dimen169
) (C:\Users\ngeorgakopulos\AppData\Local\Programs\MiKTeX\tex/latex/epstopdf-pkg\epstopdf.sty
Package: epstopdf 2020-01-24 v2.11 Conversion with epstopdf on the fly (HO)
 (C:\Users\ngeorgakopulos\AppData\Local\Programs\MiKTeX\tex/latex/grfext\grfext.sty
Package: grfext 2019/12/03 v1.3 Manage graphics extensions (HO)
 (C:\Users\ngeorgakopulos\AppData\Local\Programs\MiKTeX\tex/generic/kvdefinekeys\kvdefinekeys.sty
Package: kvdefinekeys 2019-12-19 v1.6 Define keys (HO)
)) (C:\Users\ngeorgakopulos\AppData\Local\Programs\MiKTeX\tex/latex/kvoptions\kvoptions.sty
Package: kvoptions 2022-06-15 v3.15 Key value format for package options (HO)
 (C:\Users\ngeorgakopulos\AppData\Local\Programs\MiKTeX\tex/latex/kvsetkeys\kvsetkeys.sty
Package: kvsetkeys 2022-10-05 v1.19 Key value parser (HO)
)) (C:\Users\ngeorgakopulos\AppData\Local\Programs\MiKTeX\tex/latex/epstopdf-pkg\epstopdf-base.sty
Package: epstopdf-base 2020-01-24 v2.11 Base part for package epstopdf
Package epstopdf-base Info: Redefining graphics rule for `.eps' on input line 485.
Package grfext Info: Graphics extension search list:
(grfext)             [.pdf,.png,.jpg,.mps,.jpeg,.jbig2,.jb2,.PDF,.PNG,.JPG,.JPEG,.JBIG2,.JB2,.eps]
(grfext)             \AppendGraphicsExtensions on input line 504.
 (C:\Users\ngeorgakopulos\AppData\Local\Programs\MiKTeX\tex/latex/00miktex\epstopdf-sys.cfg
File: epstopdf-sys.cfg 2021/03/18 v2.0 Configuration of epstopdf for MiKTeX
))) (C:\Users\ngeorgakopulos\AppData\Local\Programs\MiKTeX\tex/latex/float\float.sty
Package: float 2001/11/08 v1.3d Float enhancements (AL)
\c@float@type=\count318
\float@exts=\toks32
\float@box=\box67
\@float@everytoks=\toks33
\@floatcapt=\box68
) (C:\Users\ngeorgakopulos\AppData\Local\Programs\MiKTeX\tex/latex/caption\caption.sty
Package: caption 2023/08/05 v3.6o Customizing captions (AR)

Package tocbasic Info: Loading of class-dependent code for package caption3
(tocbasic)             prevented on line 50.

 (C:\Users\ngeorgakopulos\AppData\Local\Programs\MiKTeX\tex/latex/caption\caption3.sty
Package: caption3 2023/07/31 v2.4d caption3 kernel (AR)
\caption@tempdima=\dimen170
\captionmargin=\dimen171
\caption@leftmargin=\dimen172
\caption@rightmargin=\dimen173
\caption@width=\dimen174
\caption@indent=\dimen175
\caption@parindent=\dimen176
\caption@hangindent=\dimen177
)
\c@caption@flags=\count319
\c@continuedfloat=\count320
Package caption Info: float package is loaded.
) (C:\Users\ngeorgakopulos\AppData\Local\Programs\MiKTeX\tex/latex/caption\subcaption.sty
Package: subcaption 2023/07/28 v1.6b Sub-captions (AR)
Package caption Info: New subtype `subfigure' on input line 238.
\c@subfigure=\count321
Package caption Info: New subtype `subtable' on input line 238.
\c@subtable=\count322
) (C:\Users\ngeorgakopulos\AppData\Local\Programs\MiKTeX\tex/latex/geometry\geometry.sty
Package: geometry 2026/03/07 v6.0 Page Geometry
 (C:\Users\ngeorgakopulos\AppData\Local\Programs\MiKTeX\tex/generic/iftex\ifvtex.sty
Package: ifvtex 2019/10/25 v1.7 ifvtex legacy package. Use iftex instead.
)
\Gm@cnth=\count323
\Gm@cntv=\count324
\c@Gm@tempcnt=\count325
\Gm@bindingoffset=\dimen178
\Gm@wd@mp=\dimen179
\Gm@odd@mp=\dimen180
\Gm@even@mp=\dimen181
\Gm@layoutwidth=\dimen182
\Gm@layoutheight=\dimen183
\Gm@layouthoffset=\dimen184
\Gm@layoutvoffset=\dimen185
\Gm@dimlist=\toks34
 (C:\Users\ngeorgakopulos\AppData\Local\Programs\MiKTeX\tex/latex/geometry\geometry.cfg)) (C:\Users\ngeorgakopulos\AppData\Local\Programs\MiKTeX\tex/latex/sectsty\sectsty.sty
Package: sectsty 2002/02/25 v2.0.2 Commands to change all sectional heading styles


LaTeX Warning: Command \underbar  has changed.
               Check if current package is valid.


LaTeX Warning: Command \underline  has changed.
               Check if current package is valid.

)

Class scrartcl Warning: Incompatible package `sectsty' loaded!
(scrartcl)              Package `sectsty' up to version 2.0.2 is incompatible
(scrartcl)              with KOMA-Script from version 2.8e released in 2001.
(scrartcl)              You should avoid that package and configure the
(scrartcl)              section titles of your document using the KOMA-Script
(scrartcl)              user interface, e.g., \chapterlinesformat,
(scrartcl)              \RedeclareSectionCommand etc. or you should ask
(scrartcl)              the `sectsty' maintainer for a more compatible release.
(scrartcl)              Ignoring this warning could result in several error
(scrartcl)              messages and formatting issues after loading package
(scrartcl)              `sectsty' on input line 34.


Class scrartcl Warning: Usage of package `fancyhdr' together
(scrartcl)              with a KOMA-Script class is not recommended.
(scrartcl)              I'd suggest to use 
(scrartcl)              package `scrlayer' or `scrlayer-scrpage', because
(scrartcl)              they support KOMA-Script classes.
(scrartcl)              With `fancyhdr' several features of class `scrartcl'
(scrartcl)              like options `headsepline', `footsepline' or command
(scrartcl)              `\MakeMarkcase' and the commands `\setkomafont' and
(scrartcl)              `\addtokomafont' for the page style elements need
(scrartcl)              explicite user intervention to work.
(scrartcl)              Nevertheless, using requested
(scrartcl)              package `fancyhdr' on input line 39.

(C:\Users\ngeorgakopulos\AppData\Local\Programs\MiKTeX\tex/latex/fancyhdr\fancyhdr.sty
Package: fancyhdr 2025/02/07 v5.2 Extensive control of page headers and footers
\f@nch@headwidth=\skip73
\f@nch@offset@elh=\skip74
\f@nch@offset@erh=\skip75
\f@nch@offset@olh=\skip76
\f@nch@offset@orh=\skip77
\f@nch@offset@elf=\skip78
\f@nch@offset@erf=\skip79
\f@nch@offset@olf=\skip80
\f@nch@offset@orf=\skip81
\f@nch@height=\skip82
\f@nch@footalignment=\skip83
\f@nch@widthL=\skip84
\f@nch@widthC=\skip85
\f@nch@widthR=\skip86
\@temptokenb=\toks35
) (C:\Users\ngeorgakopulos\AppData\Local\Programs\MiKTeX\tex/latex/setspace\setspace.sty
Package: setspace 2022/12/04 v6.7b set line spacing
) (C:\Users\ngeorgakopulos\AppData\Local\Programs\MiKTeX\tex/latex/lipsum\lipsum.sty (C:\Users\ngeorgakopulos\AppData\Local\Programs\MiKTeX\tex/latex/l3packages/l3keys2e\l3keys2e.sty
Package: l3keys2e 2025-10-09 LaTeX2e option processing using LaTeX3 keys
)
Package: lipsum 2021-09-20 v2.7 150 paragraphs of Lorem Ipsum dummy text
\g__lipsum_par_int=\count326
\l__lipsum_a_int=\count327
\l__lipsum_b_int=\count328
 (C:\Users\ngeorgakopulos\AppData\Local\Programs\MiKTeX\tex/latex/lipsum\lipsum.ltd.tex)) (C:\Users\ngeorgakopulos\AppData\Local\Programs\MiKTeX\tex/latex/xcolor\xcolor.sty
Package: xcolor 2024/09/29 v3.02 LaTeX color extensions (UK)
 (C:\Users\ngeorgakopulos\AppData\Local\Programs\MiKTeX\tex/latex/graphics-cfg\color.cfg
File: color.cfg 2016/01/02 v1.6 sample color configuration
)
Package xcolor Info: Driver file: pdftex.def on input line 274.
 (C:\Users\ngeorgakopulos\AppData\Local\Programs\MiKTeX\tex/latex/graphics\mathcolor.ltx)
Package xcolor Info: Model `cmy' substituted by `cmy0' on input line 1349.
Package xcolor Info: Model `hsb' substituted by `rgb' on input line 1353.
Package xcolor Info: Model `RGB' extended on input line 1365.
Package xcolor Info: Model `HTML' substituted by `rgb' on input line 1367.
Package xcolor Info: Model `Hsb' substituted by `hsb' on input line 1368.
Package xcolor Info: Model `tHsb' substituted by `hsb' on input line 1369.
Package xcolor Info: Model `HSB' substituted by `hsb' on input line 1370.
Package xcolor Info: Model `Gray' substituted by `gray' on input line 1371.
Package xcolor Info: Model `wave' substituted by `hsb' on input line 1372.
) (C:\Users\ngeorgakopulos\AppData\Local\Programs\MiKTeX\tex/latex/base\makeidx.sty
Package: makeidx 2021/10/04 v1.0m Standard LaTeX package
) (C:\Users\ngeorgakopulos\AppData\Local\Programs\MiKTeX\tex/latex/fancybox\fancybox.sty
Package: fancybox 2010/05/15 1.4

Style option: `fancybox' v1.4 <2010/05/15> (tvz)
\@fancybox=\box69
\shadowsize=\dimen186
\@Sbox=\box70
\do@VerbBox=\toks36
\the@fancyput=\toks37
\this@fancyput=\toks38
\EndVerbatimTokens=\toks39
\Verbatim@Outfile=\write3
\Verbatim@Infile=\read3
) (C:\Users\ngeorgakopulos\AppData\Local\Programs\MiKTeX\tex/latex/pgf/frontendlayer\tikz.sty (C:\Users\ngeorgakopulos\AppData\Local\Programs\MiKTeX\tex/latex/pgf/basiclayer\pgf.sty (C:\Users\ngeorgakopulos\AppData\Local\Programs\MiKTeX\tex/latex/pgf/utilities\pgfrcs.sty (C:\Users\ngeorgakopulos\AppData\Local\Programs\MiKTeX\tex/generic/pgf/utilities\pgfutil-common.tex
\pgfutil@everybye=\toks40
\pgfutil@tempdima=\dimen187
\pgfutil@tempdimb=\dimen188
) (C:\Users\ngeorgakopulos\AppData\Local\Programs\MiKTeX\tex/generic/pgf/utilities\pgfutil-latex.def
\pgfutil@abb=\box71
) (C:\Users\ngeorgakopulos\AppData\Local\Programs\MiKTeX\tex/generic/pgf/utilities\pgfrcs.code.tex (C:\Users\ngeorgakopulos\AppData\Local\Programs\MiKTeX\tex/generic/pgf\pgf.revision.tex)
Package: pgfrcs 2025-08-29 v3.1.11a (3.1.11a)
))
Package: pgf 2025-08-29 v3.1.11a (3.1.11a)
 (C:\Users\ngeorgakopulos\AppData\Local\Programs\MiKTeX\tex/latex/pgf/basiclayer\pgfcore.sty (C:\Users\ngeorgakopulos\AppData\Local\Programs\MiKTeX\tex/latex/pgf/systemlayer\pgfsys.sty (C:\Users\ngeorgakopulos\AppData\Local\Programs\MiKTeX\tex/generic/pgf/systemlayer\pgfsys.code.tex
Package: pgfsys 2025-08-29 v3.1.11a (3.1.11a)
 (C:\Users\ngeorgakopulos\AppData\Local\Programs\MiKTeX\tex/generic/pgf/utilities\pgfkeys.code.tex
\pgfkeys@pathtoks=\toks41
\pgfkeys@temptoks=\toks42
 (C:\Users\ngeorgakopulos\AppData\Local\Programs\MiKTeX\tex/generic/pgf/utilities\pgfkeyslibraryfiltered.code.tex
\pgfkeys@tmptoks=\toks43
))
\pgf@x=\dimen189
\pgf@y=\dimen190
\pgf@xa=\dimen191
\pgf@ya=\dimen192
\pgf@xb=\dimen193
\pgf@yb=\dimen194
\pgf@xc=\dimen195
\pgf@yc=\dimen196
\pgf@xd=\dimen197
\pgf@yd=\dimen198
\w@pgf@writea=\write4
\r@pgf@reada=\read4
\c@pgf@counta=\count329
\c@pgf@countb=\count330
\c@pgf@countc=\count331
\c@pgf@countd=\count332
\t@pgf@toka=\toks44
\t@pgf@tokb=\toks45
\t@pgf@tokc=\toks46
\pgf@sys@id@count=\count333
 (C:\Users\ngeorgakopulos\AppData\Local\Programs\MiKTeX\tex/generic/pgf/systemlayer\pgf.cfg
File: pgf.cfg 2025-08-29 v3.1.11a (3.1.11a)
)
Driver file for pgf: pgfsys-pdftex.def
 (C:\Users\ngeorgakopulos\AppData\Local\Programs\MiKTeX\tex/generic/pgf/systemlayer\pgfsys-pdftex.def
File: pgfsys-pdftex.def 2025-08-29 v3.1.11a (3.1.11a)
 (C:\Users\ngeorgakopulos\AppData\Local\Programs\MiKTeX\tex/generic/pgf/systemlayer\pgfsys-common-pdf.def
File: pgfsys-common-pdf.def 2025-08-29 v3.1.11a (3.1.11a)
))) (C:\Users\ngeorgakopulos\AppData\Local\Programs\MiKTeX\tex/generic/pgf/systemlayer\pgfsyssoftpath.code.tex
File: pgfsyssoftpath.code.tex 2025-08-29 v3.1.11a (3.1.11a)
\pgfsyssoftpath@smallbuffer@items=\count334
\pgfsyssoftpath@bigbuffer@items=\count335
) (C:\Users\ngeorgakopulos\AppData\Local\Programs\MiKTeX\tex/generic/pgf/systemlayer\pgfsysprotocol.code.tex
File: pgfsysprotocol.code.tex 2025-08-29 v3.1.11a (3.1.11a)
)) (C:\Users\ngeorgakopulos\AppData\Local\Programs\MiKTeX\tex/generic/pgf/basiclayer\pgfcore.code.tex
Package: pgfcore 2025-08-29 v3.1.11a (3.1.11a)
 (C:\Users\ngeorgakopulos\AppData\Local\Programs\MiKTeX\tex/generic/pgf/math\pgfmath.code.tex (C:\Users\ngeorgakopulos\AppData\Local\Programs\MiKTeX\tex/generic/pgf/math\pgfmathutil.code.tex) (C:\Users\ngeorgakopulos\AppData\Local\Programs\MiKTeX\tex/generic/pgf/math\pgfmathparser.code.tex
\pgfmath@dimen=\dimen199
\pgfmath@count=\count336
\pgfmath@box=\box72
\pgfmath@toks=\toks47
\pgfmath@stack@operand=\toks48
\pgfmath@stack@operation=\toks49
) (C:\Users\ngeorgakopulos\AppData\Local\Programs\MiKTeX\tex/generic/pgf/math\pgfmathfunctions.code.tex) (C:\Users\ngeorgakopulos\AppData\Local\Programs\MiKTeX\tex/generic/pgf/math\pgfmathfunctions.basic.code.tex) (C:\Users\ngeorgakopulos\AppData\Local\Programs\MiKTeX\tex/generic/pgf/math\pgfmathfunctions.trigonometric.code.tex) (C:\Users\ngeorgakopulos\AppData\Local\Programs\MiKTeX\tex/generic/pgf/math\pgfmathfunctions.random.code.tex) (C:\Users\ngeorgakopulos\AppData\Local\Programs\MiKTeX\tex/generic/pgf/math\pgfmathfunctions.comparison.code.tex) (C:\Users\ngeorgakopulos\AppData\Local\Programs\MiKTeX\tex/generic/pgf/math\pgfmathfunctions.base.code.tex) (C:\Users\ngeorgakopulos\AppData\Local\Programs\MiKTeX\tex/generic/pgf/math\pgfmathfunctions.round.code.tex) (C:\Users\ngeorgakopulos\AppData\Local\Programs\MiKTeX\tex/generic/pgf/math\pgfmathfunctions.misc.code.tex) (C:\Users\ngeorgakopulos\AppData\Local\Programs\MiKTeX\tex/generic/pgf/math\pgfmathfunctions.integerarithmetics.code.tex) (C:\Users\ngeorgakopulos\AppData\Local\Programs\MiKTeX\tex/generic/pgf/math\pgfmathcalc.code.tex) (C:\Users\ngeorgakopulos\AppData\Local\Programs\MiKTeX\tex/generic/pgf/math\pgfmathfloat.code.tex
\c@pgfmathroundto@lastzeros=\count337
)) (C:\Users\ngeorgakopulos\AppData\Local\Programs\MiKTeX\tex/generic/pgf/math\pgfint.code.tex) (C:\Users\ngeorgakopulos\AppData\Local\Programs\MiKTeX\tex/generic/pgf/basiclayer\pgfcorepoints.code.tex
File: pgfcorepoints.code.tex 2025-08-29 v3.1.11a (3.1.11a)
\pgf@picminx=\dimen256
\pgf@picmaxx=\dimen257
\pgf@picminy=\dimen258
\pgf@picmaxy=\dimen259
\pgf@pathminx=\dimen260
\pgf@pathmaxx=\dimen261
\pgf@pathminy=\dimen262
\pgf@pathmaxy=\dimen263
\pgf@xx=\dimen264
\pgf@xy=\dimen265
\pgf@yx=\dimen266
\pgf@yy=\dimen267
\pgf@zx=\dimen268
\pgf@zy=\dimen269
) (C:\Users\ngeorgakopulos\AppData\Local\Programs\MiKTeX\tex/generic/pgf/basiclayer\pgfcorepathconstruct.code.tex
File: pgfcorepathconstruct.code.tex 2025-08-29 v3.1.11a (3.1.11a)
\pgf@path@lastx=\dimen270
\pgf@path@lasty=\dimen271
) (C:\Users\ngeorgakopulos\AppData\Local\Programs\MiKTeX\tex/generic/pgf/basiclayer\pgfcorepathusage.code.tex
File: pgfcorepathusage.code.tex 2025-08-29 v3.1.11a (3.1.11a)
\pgf@shorten@end@additional=\dimen272
\pgf@shorten@start@additional=\dimen273
) (C:\Users\ngeorgakopulos\AppData\Local\Programs\MiKTeX\tex/generic/pgf/basiclayer\pgfcorescopes.code.tex
File: pgfcorescopes.code.tex 2025-08-29 v3.1.11a (3.1.11a)
\pgfpic=\box73
\pgf@hbox=\box74
\pgf@layerbox@main=\box75
\pgf@picture@serial@count=\count338
) (C:\Users\ngeorgakopulos\AppData\Local\Programs\MiKTeX\tex/generic/pgf/basiclayer\pgfcoregraphicstate.code.tex
File: pgfcoregraphicstate.code.tex 2025-08-29 v3.1.11a (3.1.11a)
\pgflinewidth=\dimen274
) (C:\Users\ngeorgakopulos\AppData\Local\Programs\MiKTeX\tex/generic/pgf/basiclayer\pgfcoretransformations.code.tex
File: pgfcoretransformations.code.tex 2025-08-29 v3.1.11a (3.1.11a)
\pgf@pt@x=\dimen275
\pgf@pt@y=\dimen276
\pgf@pt@temp=\dimen277
) (C:\Users\ngeorgakopulos\AppData\Local\Programs\MiKTeX\tex/generic/pgf/basiclayer\pgfcorequick.code.tex
File: pgfcorequick.code.tex 2025-08-29 v3.1.11a (3.1.11a)
) (C:\Users\ngeorgakopulos\AppData\Local\Programs\MiKTeX\tex/generic/pgf/basiclayer\pgfcoreobjects.code.tex
File: pgfcoreobjects.code.tex 2025-08-29 v3.1.11a (3.1.11a)
) (C:\Users\ngeorgakopulos\AppData\Local\Programs\MiKTeX\tex/generic/pgf/basiclayer\pgfcorepathprocessing.code.tex
File: pgfcorepathprocessing.code.tex 2025-08-29 v3.1.11a (3.1.11a)
) (C:\Users\ngeorgakopulos\AppData\Local\Programs\MiKTeX\tex/generic/pgf/basiclayer\pgfcorearrows.code.tex
File: pgfcorearrows.code.tex 2025-08-29 v3.1.11a (3.1.11a)
\pgfarrowsep=\dimen278
) (C:\Users\ngeorgakopulos\AppData\Local\Programs\MiKTeX\tex/generic/pgf/basiclayer\pgfcoreshade.code.tex
File: pgfcoreshade.code.tex 2025-08-29 v3.1.11a (3.1.11a)
\pgf@max=\dimen279
\pgf@sys@shading@range@num=\count339
\pgf@shadingcount=\count340
) (C:\Users\ngeorgakopulos\AppData\Local\Programs\MiKTeX\tex/generic/pgf/basiclayer\pgfcoreimage.code.tex
File: pgfcoreimage.code.tex 2025-08-29 v3.1.11a (3.1.11a)
) (C:\Users\ngeorgakopulos\AppData\Local\Programs\MiKTeX\tex/generic/pgf/basiclayer\pgfcoreexternal.code.tex
File: pgfcoreexternal.code.tex 2025-08-29 v3.1.11a (3.1.11a)
\pgfexternal@startupbox=\box76
) (C:\Users\ngeorgakopulos\AppData\Local\Programs\MiKTeX\tex/generic/pgf/basiclayer\pgfcorelayers.code.tex
File: pgfcorelayers.code.tex 2025-08-29 v3.1.11a (3.1.11a)
) (C:\Users\ngeorgakopulos\AppData\Local\Programs\MiKTeX\tex/generic/pgf/basiclayer\pgfcoretransparency.code.tex
File: pgfcoretransparency.code.tex 2025-08-29 v3.1.11a (3.1.11a)
) (C:\Users\ngeorgakopulos\AppData\Local\Programs\MiKTeX\tex/generic/pgf/basiclayer\pgfcorepatterns.code.tex
File: pgfcorepatterns.code.tex 2025-08-29 v3.1.11a (3.1.11a)
) (C:\Users\ngeorgakopulos\AppData\Local\Programs\MiKTeX\tex/generic/pgf/basiclayer\pgfcorerdf.code.tex
File: pgfcorerdf.code.tex 2025-08-29 v3.1.11a (3.1.11a)
))) (C:\Users\ngeorgakopulos\AppData\Local\Programs\MiKTeX\tex/generic/pgf/modules\pgfmoduleshapes.code.tex
File: pgfmoduleshapes.code.tex 2025-08-29 v3.1.11a (3.1.11a)
\pgfnodeparttextbox=\box77
) (C:\Users\ngeorgakopulos\AppData\Local\Programs\MiKTeX\tex/generic/pgf/modules\pgfmoduleplot.code.tex
File: pgfmoduleplot.code.tex 2025-08-29 v3.1.11a (3.1.11a)
) (C:\Users\ngeorgakopulos\AppData\Local\Programs\MiKTeX\tex/latex/pgf/compatibility\pgfcomp-version-0-65.sty
Package: pgfcomp-version-0-65 2025-08-29 v3.1.11a (3.1.11a)
\pgf@nodesepstart=\dimen280
\pgf@nodesepend=\dimen281
) (C:\Users\ngeorgakopulos\AppData\Local\Programs\MiKTeX\tex/latex/pgf/compatibility\pgfcomp-version-1-18.sty
Package: pgfcomp-version-1-18 2025-08-29 v3.1.11a (3.1.11a)
)) (C:\Users\ngeorgakopulos\AppData\Local\Programs\MiKTeX\tex/latex/pgf/utilities\pgffor.sty (C:\Users\ngeorgakopulos\AppData\Local\Programs\MiKTeX\tex/latex/pgf/utilities\pgfkeys.sty (C:\Users\ngeorgakopulos\AppData\Local\Programs\MiKTeX\tex/generic/pgf/utilities\pgfkeys.code.tex)) (C:\Users\ngeorgakopulos\AppData\Local\Programs\MiKTeX\tex/latex/pgf/math\pgfmath.sty (C:\Users\ngeorgakopulos\AppData\Local\Programs\MiKTeX\tex/generic/pgf/math\pgfmath.code.tex)) (C:\Users\ngeorgakopulos\AppData\Local\Programs\MiKTeX\tex/generic/pgf/utilities\pgffor.code.tex
Package: pgffor 2025-08-29 v3.1.11a (3.1.11a)
\pgffor@iter=\dimen282
\pgffor@skip=\dimen283
\pgffor@stack=\toks50
\pgffor@toks=\toks51
)) (C:\Users\ngeorgakopulos\AppData\Local\Programs\MiKTeX\tex/generic/pgf/frontendlayer/tikz\tikz.code.tex
Package: tikz 2025-08-29 v3.1.11a (3.1.11a)
 (C:\Users\ngeorgakopulos\AppData\Local\Programs\MiKTeX\tex/generic/pgf/libraries\pgflibraryplothandlers.code.tex
File: pgflibraryplothandlers.code.tex 2025-08-29 v3.1.11a (3.1.11a)
\pgf@plot@mark@count=\count341
\pgfplotmarksize=\dimen284
)
\tikz@lastx=\dimen285
\tikz@lasty=\dimen286
\tikz@lastxsaved=\dimen287
\tikz@lastysaved=\dimen288
\tikz@lastmovetox=\dimen289
\tikz@lastmovetoy=\dimen290
\tikzleveldistance=\dimen291
\tikzsiblingdistance=\dimen292
\tikz@figbox=\box78
\tikz@figbox@bg=\box79
\tikz@tempbox=\box80
\tikz@tempbox@bg=\box81
\tikztreelevel=\count342
\tikznumberofchildren=\count343
\tikznumberofcurrentchild=\count344
\tikz@fig@count=\count345
 (C:\Users\ngeorgakopulos\AppData\Local\Programs\MiKTeX\tex/generic/pgf/modules\pgfmodulematrix.code.tex
File: pgfmodulematrix.code.tex 2025-08-29 v3.1.11a (3.1.11a)
\pgfmatrixcurrentrow=\count346
\pgfmatrixcurrentcolumn=\count347
\pgf@matrix@numberofcolumns=\count348
)
\tikz@expandcount=\count349
 (C:\Users\ngeorgakopulos\AppData\Local\Programs\MiKTeX\tex/generic/pgf/frontendlayer/tikz/libraries\tikzlibrarytopaths.code.tex
File: tikzlibrarytopaths.code.tex 2025-08-29 v3.1.11a (3.1.11a)
))) (C:\Users\ngeorgakopulos\AppData\Local\Programs\MiKTeX\tex/latex/tcolorbox\tcolorbox.sty
Package: tcolorbox 2025/11/28 version 6.9.0 text color boxes
 (C:\Users\ngeorgakopulos\AppData\Local\Programs\MiKTeX\tex/latex/tools\verbatim.sty
Package: verbatim 2024-01-22 v1.5x LaTeX2e package for verbatim enhancements
\every@verbatim=\toks52
\verbatim@line=\toks53
\verbatim@in@stream=\read5
) (C:\Users\ngeorgakopulos\AppData\Local\Programs\MiKTeX\tex/latex/environ\environ.sty
Package: environ 2014/05/04 v0.3 A new way to define environments
 (C:\Users\ngeorgakopulos\AppData\Local\Programs\MiKTeX\tex/latex/trimspaces\trimspaces.sty
Package: trimspaces 2009/09/17 v1.1 Trim spaces around a token list
))
\tcb@titlebox=\box82
\tcb@upperbox=\box83
\tcb@lowerbox=\box84
\tcb@phantombox=\box85
\c@tcbbreakpart=\count350
\c@tcblayer=\count351
\c@tcolorbox@number=\count352
\l__tcobox_tmpa_box=\box86
\l__tcobox_tmpa_dim=\dimen293
\tcb@temp=\box87
\tcb@temp=\box88
\tcb@temp=\box89
\tcb@temp=\box90
 (C:\Users\ngeorgakopulos\AppData\Local\Programs\MiKTeX\tex/latex/tcolorbox\tcbraster.code.tex
Library (tcolorbox): 'tcbraster.code.tex' version '6.9.0'
\c@tcbrastercolumn=\count353
\c@tcbrasterrow=\count354
\c@tcbrasternum=\count355
\c@tcbraster=\count356
) (C:\Users\ngeorgakopulos\AppData\Local\Programs\MiKTeX\tex/latex/tcolorbox\tcbskins.code.tex
Library (tcolorbox): 'tcbskins.code.tex' version '6.9.0'
(C:\Users\ngeorgakopulos\AppData\Local\Programs\MiKTeX\tex/latex/tikzfill\tikzfill.image.sty
Package: tikzfill.image 2026/03/26 v1.1.0 Image filling library for TikZ
 (C:\Users\ngeorgakopulos\AppData\Local\Programs\MiKTeX\tex/latex/tikzfill\tikzlibraryfill.image.code.tex
File: tikzlibraryfill.image.code.tex 2026/03/26 v1.1.0 Image filling library
\l__tikzfill_tmpa_dim=\dimen294
\l__tikzfill_tmpb_dim=\dimen295
\l__tikzfill_img_box=\box91
)) (C:\Users\ngeorgakopulos\AppData\Local\Programs\MiKTeX\tex/latex/tcolorbox\tcbskinsjigsaw.code.tex
Library (tcolorbox): 'tcbskinsjigsaw.code.tex' version '6.9.0'
)) (C:\Users\ngeorgakopulos\AppData\Local\Programs\MiKTeX\tex/latex/tcolorbox\tcbbreakable.code.tex
Library (tcolorbox): 'tcbbreakable.code.tex' version '6.9.0'
(C:\Users\ngeorgakopulos\AppData\Local\Programs\MiKTeX\tex/latex/pdfcol\pdfcol.sty
Package: pdfcol 2022-09-21 v1.7 Handle new color stacks for pdfTeX (HO)
)
Package pdfcol Info: New color stack `tcb@breakable' = 1 on input line 23.
\tcb@testbox=\box92
\tcb@totalupperbox=\box93
\tcb@totallowerbox=\box94
) (C:\Users\ngeorgakopulos\AppData\Local\Programs\MiKTeX\tex/latex/tcolorbox\tcbhooks.code.tex
Library (tcolorbox): 'tcbhooks.code.tex' version '6.9.0'
) (C:\Users\ngeorgakopulos\AppData\Local\Programs\MiKTeX\tex/latex/tcolorbox\tcbtheorems.code.tex
Library (tcolorbox): 'tcbtheorems.code.tex' version '6.9.0'
) (C:\Users\ngeorgakopulos\AppData\Local\Programs\MiKTeX\tex/latex/tcolorbox\tcbfitting.code.tex
Library (tcolorbox): 'tcbfitting.code.tex' version '6.9.0'
\tcbfitdim=\dimen296
\tcb@lowerfitdim=\dimen297
\tcb@upperfitdim=\dimen298
\tcb@cur@hbadness=\count357
) (C:\Users\ngeorgakopulos\AppData\Local\Programs\MiKTeX\tex/latex/tcolorbox\tcblistingsutf8.code.tex
Library (tcolorbox): 'tcblistingsutf8.code.tex' version '6.9.0'
(C:\Users\ngeorgakopulos\AppData\Local\Programs\MiKTeX\tex/latex/tcolorbox\tcblistings.code.tex
Library (tcolorbox): 'tcblistings.code.tex' version '6.9.0'
(C:\Users\ngeorgakopulos\AppData\Local\Programs\MiKTeX\tex/latex/listings\listings.sty
\lst@mode=\count358
\lst@gtempboxa=\box95
\lst@token=\toks54
\lst@length=\count359
\lst@currlwidth=\dimen299
\lst@column=\count360
\lst@pos=\count361
\lst@lostspace=\dimen300
\lst@width=\dimen301
\lst@newlines=\count362
\lst@lineno=\count363
\lst@maxwidth=\dimen302
 (C:\Users\ngeorgakopulos\AppData\Local\Programs\MiKTeX\tex/latex/listings\lstpatch.sty
File: lstpatch.sty 2025/11/14 1.11b (Carsten Heinz)
) (C:\Users\ngeorgakopulos\AppData\Local\Programs\MiKTeX\tex/latex/listings\lstmisc.sty
File: lstmisc.sty 2025/11/14 1.11b (Carsten Heinz)
\c@lstnumber=\count364
\lst@skipnumbers=\count365
\lst@framebox=\box96
) (C:\Users\ngeorgakopulos\AppData\Local\Programs\MiKTeX\tex/latex/listings\listings.cfg
File: listings.cfg 2025/11/14 1.11b listings configuration
))
Package: listings 2025/11/14 1.11b (Carsten Heinz)

==> First Aid for listings.sty no longer applied!
    Expected:
        2024/09/23 1.10c (Carsten Heinz)
    but found:
        2025/11/14 1.11b (Carsten Heinz)
    so I'm assuming it got fixed.
(C:\Users\ngeorgakopulos\AppData\Local\Programs\MiKTeX\tex/latex/tcolorbox\tcblistingscore.code.tex
Library (tcolorbox): 'tcblistingscore.code.tex' version '6.9.0'
(C:\Users\ngeorgakopulos\AppData\Local\Programs\MiKTeX\tex/latex/tcolorbox\tcbprocessing.code.tex
Library (tcolorbox): 'tcbprocessing.code.tex' version '6.9.0'
)
\c@tcblisting=\count366
)) (C:\Users\ngeorgakopulos\AppData\Local\Programs\MiKTeX\tex/latex/listingsutf8\listingsutf8.sty
Package: listingsutf8 2019-12-10 v1.5 Allow UTF-8 in listings input (HO)
 (C:\Users\ngeorgakopulos\AppData\Local\Programs\MiKTeX\tex/generic/stringenc\stringenc.sty
Package: stringenc 2019/11/29 v1.12 Convert strings between diff. encodings (HO)
 (C:\Users\ngeorgakopulos\AppData\Local\Programs\MiKTeX\tex/generic/pdfescape\pdfescape.sty
Package: pdfescape 2019/12/09 v1.15 Implements pdfTeX's escape features (HO)
)))) (C:\Users\ngeorgakopulos\AppData\Local\Programs\MiKTeX\tex/latex/tcolorbox\tcbexternal.code.tex
Library (tcolorbox): 'tcbexternal.code.tex' version '6.9.0'
) (C:\Users\ngeorgakopulos\AppData\Local\Programs\MiKTeX\tex/latex/tcolorbox\tcbmagazine.code.tex
Library (tcolorbox): 'tcbmagazine.code.tex' version '6.9.0'
) (C:\Users\ngeorgakopulos\AppData\Local\Programs\MiKTeX\tex/latex/tcolorbox\tcbvignette.code.tex
Library (tcolorbox): 'tcbvignette.code.tex' version '6.9.0'
(C:\Users\ngeorgakopulos\AppData\Local\Programs\MiKTeX\tex/generic/pgf/frontendlayer/tikz/libraries\tikzlibraryfadings.code.tex
File: tikzlibraryfadings.code.tex 2025-08-29 v3.1.11a (3.1.11a)
 (C:\Users\ngeorgakopulos\AppData\Local\Programs\MiKTeX\tex/generic/pgf/libraries\pgflibraryfadings.code.tex
File: pgflibraryfadings.code.tex 2025-08-29 v3.1.11a (3.1.11a)
))) (C:\Users\ngeorgakopulos\AppData\Local\Programs\MiKTeX\tex/latex/tcolorbox\tcbposter.code.tex
Library (tcolorbox): 'tcbposter.code.tex' version '6.9.0'
)) (C:\Users\ngeorgakopulos\AppData\Local\Programs\MiKTeX\tex/latex/tools\multicol.sty
Package: multicol 2025/10/21 v2.0b multicolumn formatting (FMi)
\c@tracingmulticols=\count367
\mult@box=\box97
\multicol@leftmargin=\dimen303
\c@unbalance=\count368
\c@collectmore=\count369
\doublecol@number=\count370
\multicoltolerance=\count371
\multicolpretolerance=\count372
\full@width=\dimen304
\page@free=\dimen305
\premulticols=\dimen306
\postmulticols=\dimen307
\multicolsep=\skip87
\multicolbaselineskip=\skip88
\partial@page=\box98
\last@line=\box99
\mc@boxedresult=\box100
\maxbalancingoverflow=\dimen308
\mult@rightbox=\box101
\mult@grightbox=\box102
\mult@firstbox=\box103
\mult@gfirstbox=\box104
\@tempa=\box105
\@tempa=\box106
\@tempa=\box107
\@tempa=\box108
\@tempa=\box109
\@tempa=\box110
\@tempa=\box111
\@tempa=\box112
\@tempa=\box113
\@tempa=\box114
\@tempa=\box115
\@tempa=\box116
\@tempa=\box117
\@tempa=\box118
\@tempa=\box119
\@tempa=\box120
\@tempa=\box121
\@tempa=\box122
\@tempa=\box123
\@tempa=\box124
\@tempa=\box125
\@tempa=\box126
\@tempa=\box127
\@tempa=\box128
\@tempa=\box129
\@tempa=\box130
\@tempa=\box131
\@tempa=\box132
\@tempa=\box133
\@tempa=\box134
\@tempa=\box135
\@tempa=\box136
\@tempa=\box137
\@tempa=\box138
\@tempa=\box139
\@tempa=\box140
\c@minrows=\count373
\c@columnbadness=\count374
\c@finalcolumnbadness=\count375
\last@try=\dimen309
\multicolovershoot=\dimen310
\multicolundershoot=\dimen311
\mult@nat@firstbox=\box141
\colbreak@box=\box142
\mc@col@check@num=\count376
\g__mc_curr_col_int=\count377
) (C:\Users\ngeorgakopulos\AppData\Local\Programs\MiKTeX\tex/latex/background\background.sty
Package: background 2014/03/04 v2.1 background material
 (C:\Users\ngeorgakopulos\AppData\Local\Programs\MiKTeX\tex/latex/xkeyval\xkeyval.sty
Package: xkeyval 2022/06/16 v2.9 package option processing (HA)
 (C:\Users\ngeorgakopulos\AppData\Local\Programs\MiKTeX\tex/generic/xkeyval\xkeyval.tex (C:\Users\ngeorgakopulos\AppData\Local\Programs\MiKTeX\tex/generic/xkeyval\xkvutils.tex
\XKV@toks=\toks55
\XKV@tempa@toks=\toks56
)
\XKV@depth=\count378
File: xkeyval.tex 2014/12/03 v2.7a key=value parser (HA)
)) (C:\Users\ngeorgakopulos\AppData\Local\Programs\MiKTeX\tex/latex/everypage\everypage.sty
Package: everypage 2020/10/17 R2.0b Hooks to run on every page


Package everypage Warning: Functionality similar to this package has recently
(everypage)                been implemented in LaTeX. This package is now in
(everypage)                legacy status.
(everypage)                Please, don't use it in new documents and packages.


Package everypage Warning: You appear to be running a version of LaTeX
(everypage)                providing the new functionality.
(everypage)                Doing the best to deliver the original `everypage`
(everypage)                interface on top of it. Strict equivalence is
(everypage)                not possible, breakage may occur.
(everypage)                If truly needed, Use `everypage-1x` to force the
(everypage)                loading of an older code base.

) (C:\Users\ngeorgakopulos\AppData\Local\Programs\MiKTeX\tex/latex/tools\afterpage.sty
Package: afterpage 2023/07/04 v1.08 After-Page Package (DPC)
\AP@output=\toks57
\AP@partial=\box143
\AP@footins=\box144
)) (C:\Users\ngeorgakopulos\AppData\Local\Programs\MiKTeX\tex/latex/wallpaper\wallpaper.sty
Package: wallpaper 2005/01/18, v1.01 easy wallpaper formatting (MHFW)
 (C:\Users\ngeorgakopulos\AppData\Local\Programs\MiKTeX\tex/latex/base\ifthen.sty
Package: ifthen 2024/03/16 v1.1e Standard LaTeX ifthen package (DPC)
) (C:\Users\ngeorgakopulos\AppData\Local\Programs\MiKTeX\tex/latex/tools\calc.sty
Package: calc 2025/03/01 v4.3b Infix arithmetic (KKT,FJ)
\calc@Acount=\count379
\calc@Bcount=\count380
\calc@Adimen=\dimen312
\calc@Bdimen=\dimen313
\calc@Askip=\skip89
\calc@Bskip=\skip90
LaTeX Info: Redefining \setlength on input line 86.
LaTeX Info: Redefining \addtolength on input line 87.
\calc@Ccount=\count381
\calc@Cskip=\skip91
) (C:\Users\ngeorgakopulos\AppData\Local\Programs\MiKTeX\tex/latex/eso-pic\eso-pic.sty
Package: eso-pic 2025/12/10 v3.0d eso-pic (RN)
\ESO@tempdima=\dimen314
\ESO@tempdimb=\dimen315
)
\wpXoffset=\skip92
\wpYoffset=\skip93
\tileXoffset=\skip94
\tileYoffset=\skip95
\tilewidth=\skip96
\tileheight=\skip97
\tileX=\skip98
\tileY=\skip99
) (C:\Users\ngeorgakopulos\AppData\Local\Programs\MiKTeX\tex/latex/natbib\natbib.sty
Package: natbib 2010/09/13 8.31b (PWD, AO)
\bibhang=\skip100
\bibsep=\skip101
LaTeX Info: Redefining \cite on input line 694.
\c@NAT@ctr=\count382
)) (C:\Users\ngeorgakopulos\AppData\Local\Programs\MiKTeX\tex/latex/hyperref\hyperref.sty
Package: hyperref 2025-07-12 v7.01o Hypertext links for LaTeX
 (C:\Users\ngeorgakopulos\AppData\Local\Programs\MiKTeX\tex/latex/hycolor\hycolor.sty
Package: hycolor 2020-01-27 v1.10 Color options for hyperref/bookmark (HO)
) (C:\Users\ngeorgakopulos\AppData\Local\Programs\MiKTeX\tex/latex/hyperref\nameref.sty
Package: nameref 2025-06-21 v2.57 Cross-referencing by name of section
 (C:\Users\ngeorgakopulos\AppData\Local\Programs\MiKTeX\tex/latex/refcount\refcount.sty
Package: refcount 2019/12/15 v3.6 Data extraction from label references (HO)
) (C:\Users\ngeorgakopulos\AppData\Local\Programs\MiKTeX\tex/generic/gettitlestring\gettitlestring.sty
Package: gettitlestring 2019/12/15 v1.6 Cleanup title references (HO)
)
\c@section@level=\count383
)
\@linkdim=\dimen316
\Hy@linkcounter=\count384
\Hy@pagecounter=\count385
 (C:\Users\ngeorgakopulos\AppData\Local\Programs\MiKTeX\tex/latex/hyperref\pd1enc.def
File: pd1enc.def 2025-07-12 v7.01o Hyperref: PDFDocEncoding definition (HO)
Now handling font encoding PD1 ...
... no UTF-8 mapping file for font encoding PD1
) (C:\Users\ngeorgakopulos\AppData\Local\Programs\MiKTeX\tex/generic/intcalc\intcalc.sty
Package: intcalc 2019/12/15 v1.3 Expandable calculations with integers (HO)
)
\Hy@SavedSpaceFactor=\count386
 (C:\Users\ngeorgakopulos\AppData\Local\Programs\MiKTeX\tex/latex/hyperref\puenc.def
File: puenc.def 2025-07-12 v7.01o Hyperref: PDF Unicode definition (HO)
Now handling font encoding PU ...
... no UTF-8 mapping file for font encoding PU
)

Package hyperref Warning: Unexpected value for option `hidelinks'
(hyperref)                is ignored on input line 4066.

Package hyperref Info: Option `hyperfootnotes' set `false' on input line 4066.
Package hyperref Info: Hyper figures OFF on input line 4195.
Package hyperref Info: Link nesting OFF on input line 4200.
Package hyperref Info: Hyper index ON on input line 4203.
Package hyperref Info: Plain pages OFF on input line 4210.
Package hyperref Info: Backreferencing OFF on input line 4215.
Package hyperref Info: Implicit mode ON; LaTeX internals redefined.
Package hyperref Info: Bookmarks ON on input line 4462.
\c@Hy@tempcnt=\count387
(C:\Users\ngeorgakopulos\AppData\Local\Programs\MiKTeX\tex/latex/url\url.sty
\Urlmuskip=\muskip18
Package: url 2013/09/16  ver 3.4  Verb mode for urls, etc.
)
LaTeX Info: Redefining \url on input line 4801.
\XeTeXLinkMargin=\dimen317
 (C:\Users\ngeorgakopulos\AppData\Local\Programs\MiKTeX\tex/generic/bitset\bitset.sty
Package: bitset 2019/12/09 v1.3 Handle bit-vector datatype (HO)
 (C:\Users\ngeorgakopulos\AppData\Local\Programs\MiKTeX\tex/generic/bigintcalc\bigintcalc.sty
Package: bigintcalc 2019/12/15 v1.5 Expandable calculations on big integers (HO)
))
\Fld@menulength=\count388
\Field@Width=\dimen318
\Fld@charsize=\dimen319
Package hyperref Info: Hyper figures OFF on input line 6078.
Package hyperref Info: Link nesting OFF on input line 6083.
Package hyperref Info: Hyper index ON on input line 6086.
Package hyperref Info: backreferencing OFF on input line 6093.
Package hyperref Info: Link coloring OFF on input line 6098.
Package hyperref Info: Link coloring with OCG OFF on input line 6103.
Package hyperref Info: PDF/A mode OFF on input line 6108.
\Hy@abspage=\count389
\c@Item=\count390
)
Package hyperref Info: Driver (autodetected): hpdftex.
 (C:\Users\ngeorgakopulos\AppData\Local\Programs\MiKTeX\tex/latex/hyperref\hpdftex.def
File: hpdftex.def 2025-07-12 v7.01o Hyperref driver for pdfTeX
\Fld@listcount=\count391
\c@bookmark@seq@number=\count392
 (C:\Users\ngeorgakopulos\AppData\Local\Programs\MiKTeX\tex/latex/rerunfilecheck\rerunfilecheck.sty
Package: rerunfilecheck 2025-06-21 v1.11 Rerun checks for auxiliary files (HO)
 (C:\Users\ngeorgakopulos\AppData\Local\Programs\MiKTeX\tex/generic/uniquecounter\uniquecounter.sty
Package: uniquecounter 2019/12/15 v1.4 Provide unlimited unique counter (HO)
)
Package uniquecounter Info: New unique counter `rerunfilecheck' on input line 284.
)
\Hy@SectionHShift=\skip102
)
Class scrartcl Info: loading recommended package `bookmark'.
(scrartcl)           Using `bookmark' together with `hyperref' is recommended,
(scrartcl)           because of handling of possible bookmark level gaps.
(scrartcl)           You can avoid loading `bookmark' with KOMA-Script option
(scrartcl)           `bookmarkpackage=false' before \begin{document} and
(scrartcl)           you can avoid this message adding:
(scrartcl)             \usepackage{bookmark}
(scrartcl)           before \begin{document} on input line 7.
 (C:\Users\ngeorgakopulos\AppData\Local\Programs\MiKTeX\tex/latex/bookmark\bookmark.sty
Package: bookmark 2023-12-10 v1.31 PDF bookmarks (HO)
 (C:\Users\ngeorgakopulos\AppData\Local\Programs\MiKTeX\tex/latex/bookmark\bkm-pdftex.def
File: bkm-pdftex.def 2023-12-10 v1.31 bookmark driver for pdfTeX and luaTeX (HO)
\BKM@id=\count393
)) (main.aux)
\openout1 = `main.aux'.

LaTeX Font Info:    Checking defaults for OML/cmm/m/it on input line 7.
LaTeX Font Info:    ... okay on input line 7.
LaTeX Font Info:    Checking defaults for OMS/cmsy/m/n on input line 7.
LaTeX Font Info:    ... okay on input line 7.
LaTeX Font Info:    Checking defaults for OT1/cmr/m/n on input line 7.
LaTeX Font Info:    ... okay on input line 7.
LaTeX Font Info:    Checking defaults for T1/cmr/m/n on input line 7.
LaTeX Font Info:    ... okay on input line 7.
LaTeX Font Info:    Checking defaults for TS1/cmr/m/n on input line 7.
LaTeX Font Info:    ... okay on input line 7.
LaTeX Font Info:    Checking defaults for OMX/cmex/m/n on input line 7.
LaTeX Font Info:    ... okay on input line 7.
LaTeX Font Info:    Checking defaults for U/cmr/m/n on input line 7.
LaTeX Font Info:    ... okay on input line 7.
LaTeX Font Info:    Checking defaults for PD1/pdf/m/n on input line 7.
LaTeX Font Info:    ... okay on input line 7.
LaTeX Font Info:    Checking defaults for PU/pdf/m/n on input line 7.
LaTeX Font Info:    ... okay on input line 7.
Package scrbase Info: activating british \abstractname on input line 7.
Package scrbase Info: activating british \partname on input line 7.
Package scrbase Info: activating british \figurename on input line 7.
Package scrbase Info: activating british \tablename on input line 7.
Package scrbase Info: activating british \contentsname on input line 7.
Package scrbase Info: activating british \listfigurename on input line 7.
Package scrbase Info: activating british \listtablename on input line 7.
Package scrbase Info: activating british \refname on input line 7.
Package scrbase Info: activating british \indexname on input line 7.
 (C:\Users\ngeorgakopulos\AppData\Local\Programs\MiKTeX\tex/latex/translations/dicts\translations-basic-dictionary-english.trsl
File: translations-basic-dictionary-english.trsl (english translation file `translations-basic-dictionary')
) (C:\Users\ngeorgakopulos\AppData\Local\Programs\MiKTeX\tex/context/base/mkii\supp-pdf.mkii
[Loading MPS to PDF converter (version 2006.09.02).]
\scratchcounter=\count394
\scratchdimen=\dimen320
\scratchbox=\box145
\nofMPsegments=\count395
\nofMParguments=\count396
\everyMPshowfont=\toks58
\MPscratchCnt=\count397
\MPscratchDim=\dimen321
\MPnumerator=\count398
\makeMPintoPDFobject=\count399
\everyMPtoPDFconversion=\toks59
)
Package caption Info: Begin \AtBeginDocument code.
Package caption Info: hyperref package is loaded.
Package caption Info: listings package is loaded.
Package caption Info: End \AtBeginDocument code.

*geometry* driver: auto-detecting
*geometry* detected driver: pdftex
*geometry* verbose mode - [ preamble ] result:
* driver: pdftex
* paper: a4paper
* layout: <same size as paper>
* layoutoffset:(h,v)=(0.0pt,0.0pt)
* modes: 
* h-part:(L,W,R)=(62.59605pt, 472.31577pt, 62.59605pt)
* v-part:(T,H,B)=(62.59605pt, 719.85474pt, 62.59605pt)
* \paperwidth=597.50787pt
* \paperheight=845.04684pt
* \textwidth=472.31577pt
* \textheight=719.85474pt
* \oddsidemargin=-9.67393pt
* \evensidemargin=-9.67393pt
* \topmargin=-49.54893pt
* \headheight=13.6pt
* \headsep=21.75pt
* \topskip=12.0pt
* \footskip=50.75pt
* \marginparwidth=49.79233pt
* \marginparsep=12.8401pt
* \columnsep=10.0pt
* \skip\footins=10.8pt plus 4.0pt minus 2.0pt
* \hoffset=0.0pt
* \voffset=0.0pt
* \mag=1000
* \@twocolumnfalse
* \@twosidefalse
* \@mparswitchfalse
* \@reversemarginfalse
* (1in=72.27pt=25.4mm, 1cm=28.453pt)

\c@lstlisting=\count400
Package tocbasic Info: setting babel extension for `lol' on input line 7.
\scr@dte@lstlisting@maxnumwidth=\skip103
Package hyperref Info: Link coloring OFF on input line 7.
(portada.tex
<portada-TFG-LaTeX/marca-Facultat-Fisica-UV-1-linia.pdf, id=42, 1318.3553pt x 248.26752pt>
File: portada-TFG-LaTeX/marca-Facultat-Fisica-UV-1-linia.pdf Graphic file (type pdf)
<use portada-TFG-LaTeX/marca-Facultat-Fisica-UV-1-linia.pdf>
Package pdftex.def Info: portada-TFG-LaTeX/marca-Facultat-Fisica-UV-1-linia.pdf  used on input line 7.
(pdftex.def)             Requested size: 298.75394pt x 56.25932pt.
 [1

{C:/Users/ngeorgakopulos/AppData/Local/MiKTeX/fonts/map/pdftex/pdftex.map} <./portada-TFG-LaTeX/marca-Facultat-Fisica-UV-1-linia.pdf>])
LaTeX Font Info:    Trying to load font information for U+msa on input line 23.
 (C:\Users\ngeorgakopulos\AppData\Local\Programs\MiKTeX\tex/latex/amsfonts\umsa.fd
File: umsa.fd 2013/01/14 v3.01 AMS symbols A
)
LaTeX Font Info:    Trying to load font information for U+msb on input line 23.
 (C:\Users\ngeorgakopulos\AppData\Local\Programs\MiKTeX\tex/latex/amsfonts\umsb.fd
File: umsb.fd 2013/01/14 v3.01 AMS symbols B
)

Package scrartcl Warning: Usage of \@startsection detected.
(scrartcl)                Note, the sectioning of scrartcl does neither use
(scrartcl)                nor support the usage of \@startsection command.
(scrartcl)                This means, that none of the KOMA-Script features
(scrartcl)                for headings is available for the heading on line
(scrartcl)                37.
(scrartcl)                If you need additional sectioning commands, you
(scrartcl)                should define them using \DeclareNewSectionCommand
(scrartcl)                instead.

(main.toc)
\tf@toc=\write5
\openout5 = `main.toc'.

 [2]

Package scrartcl Warning: Usage of \@startsection detected.
(scrartcl)                Note, the sectioning of scrartcl does neither use
(scrartcl)                nor support the usage of \@startsection command.
(scrartcl)                This means, that none of the KOMA-Script features
(scrartcl)                for headings is available for the heading on line
(scrartcl)                42.
(scrartcl)                If you need additional sectioning commands, you
(scrartcl)                should define them using \DeclareNewSectionCommand
(scrartcl)                instead.

[3]

Package scrartcl Warning: Usage of \@startsection detected.
(scrartcl)                Note, the sectioning of scrartcl does neither use
(scrartcl)                nor support the usage of \@startsection command.
(scrartcl)                This means, that none of the KOMA-Script features
(scrartcl)                for headings is available for the heading on line
(scrartcl)                62.
(scrartcl)                If you need additional sectioning commands, you
(scrartcl)                should define them using \DeclareNewSectionCommand
(scrartcl)                instead.


Package scrartcl Warning: Usage of \@startsection detected.
(scrartcl)                Note, the sectioning of scrartcl does neither use
(scrartcl)                nor support the usage of \@startsection command.
(scrartcl)                This means, that none of the KOMA-Script features
(scrartcl)                for headings is available for the heading on line
(scrartcl)                66.
(scrartcl)                If you need additional sectioning commands, you
(scrartcl)                should define them using \DeclareNewSectionCommand
(scrartcl)                instead.

[4]
<stacking_arquitecture.png, id=169, 540.21825pt x 218.61674pt>
File: stacking_arquitecture.png Graphic file (type png)
<use stacking_arquitecture.png>
Package pdftex.def Info: stacking_arquitecture.png  used on input line 79.
(pdftex.def)             Requested size: 307.00235pt x 124.24255pt.


Package scrartcl Warning: Usage of \@startsection detected.
(scrartcl)                Note, the sectioning of scrartcl does neither use
(scrartcl)                nor support the usage of \@startsection command.
(scrartcl)                This means, that none of the KOMA-Script features
(scrartcl)                for headings is available for the heading on line
(scrartcl)                101.
(scrartcl)                If you need additional sectioning commands, you
(scrartcl)                should define them using \DeclareNewSectionCommand
(scrartcl)                instead.

[5 <./stacking_arquitecture.png>]

Package scrartcl Warning: Usage of \@startsection detected.
(scrartcl)                Note, the sectioning of scrartcl does neither use
(scrartcl)                nor support the usage of \@startsection command.
(scrartcl)                This means, that none of the KOMA-Script features
(scrartcl)                for headings is available for the heading on line
(scrartcl)                120.
(scrartcl)                If you need additional sectioning commands, you
(scrartcl)                should define them using \DeclareNewSectionCommand
(scrartcl)                instead.

[6]

Package scrartcl Warning: Usage of \@startsection detected.
(scrartcl)                Note, the sectioning of scrartcl does neither use
(scrartcl)                nor support the usage of \@startsection command.
(scrartcl)                This means, that none of the KOMA-Script features
(scrartcl)                for headings is available for the heading on line
(scrartcl)                150.
(scrartcl)                If you need additional sectioning commands, you
(scrartcl)                should define them using \DeclareNewSectionCommand
(scrartcl)                instead.

[7]
<understandBNN_panel_a_point_estimate.png, id=224, 265.99374pt x 254.9525pt>
File: understandBNN_panel_a_point_estimate.png Graphic file (type png)
<use understandBNN_panel_a_point_estimate.png>
Package pdftex.def Info: understandBNN_panel_a_point_estimate.png  used on input line 173.
(pdftex.def)             Requested size: 170.03395pt x 162.97841pt.
<understandBNN_panel_b_weight_distributions.png, id=225, 265.99374pt x 254.9525pt>
File: understandBNN_panel_b_weight_distributions.png Graphic file (type png)
<use understandBNN_panel_b_weight_distributions.png>
Package pdftex.def Info: understandBNN_panel_b_weight_distributions.png  used on input line 178.
(pdftex.def)             Requested size: 170.03395pt x 162.97841pt.


Package scrartcl Warning: Usage of \@startsection detected.
(scrartcl)                Note, the sectioning of scrartcl does neither use
(scrartcl)                nor support the usage of \@startsection command.
(scrartcl)                This means, that none of the KOMA-Script features
(scrartcl)                for headings is available for the heading on line
(scrartcl)                225.
(scrartcl)                If you need additional sectioning commands, you
(scrartcl)                should define them using \DeclareNewSectionCommand
(scrartcl)                instead.

[8 <./understandBNN_panel_a_point_estimate.png (PNG copy)> <./understandBNN_panel_b_weight_distributions.png (PNG copy)>]

Package scrartcl Warning: Usage of \@startsection detected.
(scrartcl)                Note, the sectioning of scrartcl does neither use
(scrartcl)                nor support the usage of \@startsection command.
(scrartcl)                This means, that none of the KOMA-Script features
(scrartcl)                for headings is available for the heading on line
(scrartcl)                256.
(scrartcl)                If you need additional sectioning commands, you
(scrartcl)                should define them using \DeclareNewSectionCommand
(scrartcl)                instead.


Package scrartcl Warning: Usage of \@startsection detected.
(scrartcl)                Note, the sectioning of scrartcl does neither use
(scrartcl)                nor support the usage of \@startsection command.
(scrartcl)                This means, that none of the KOMA-Script features
(scrartcl)                for headings is available for the heading on line
(scrartcl)                277.
(scrartcl)                If you need additional sectioning commands, you
(scrartcl)                should define them using \DeclareNewSectionCommand
(scrartcl)                instead.


Package scrartcl Warning: Usage of \@startsection detected.
(scrartcl)                Note, the sectioning of scrartcl does neither use
(scrartcl)                nor support the usage of \@startsection command.
(scrartcl)                This means, that none of the KOMA-Script features
(scrartcl)                for headings is available for the heading on line
(scrartcl)                282.
(scrartcl)                If you need additional sectioning commands, you
(scrartcl)                should define them using \DeclareNewSectionCommand
(scrartcl)                instead.


Package scrartcl Warning: Usage of \@startsection detected.
(scrartcl)                Note, the sectioning of scrartcl does neither use
(scrartcl)                nor support the usage of \@startsection command.
(scrartcl)                This means, that none of the KOMA-Script features
(scrartcl)                for headings is available for the heading on line
(scrartcl)                293.
(scrartcl)                If you need additional sectioning commands, you
(scrartcl)                should define them using \DeclareNewSectionCommand
(scrartcl)                instead.

[9]

Package scrartcl Warning: Usage of \@startsection detected.
(scrartcl)                Note, the sectioning of scrartcl does neither use
(scrartcl)                nor support the usage of \@startsection command.
(scrartcl)                This means, that none of the KOMA-Script features
(scrartcl)                for headings is available for the heading on line
(scrartcl)                303.
(scrartcl)                If you need additional sectioning commands, you
(scrartcl)                should define them using \DeclareNewSectionCommand
(scrartcl)                instead.


Package scrartcl Warning: Usage of \@startsection detected.
(scrartcl)                Note, the sectioning of scrartcl does neither use
(scrartcl)                nor support the usage of \@startsection command.
(scrartcl)                This means, that none of the KOMA-Script features
(scrartcl)                for headings is available for the heading on line
(scrartcl)                320.
(scrartcl)                If you need additional sectioning commands, you
(scrartcl)                should define them using \DeclareNewSectionCommand
(scrartcl)                instead.

[10]

Package scrartcl Warning: Usage of \@startsection detected.
(scrartcl)                Note, the sectioning of scrartcl does neither use
(scrartcl)                nor support the usage of \@startsection command.
(scrartcl)                This means, that none of the KOMA-Script features
(scrartcl)                for headings is available for the heading on line
(scrartcl)                325.
(scrartcl)                If you need additional sectioning commands, you
(scrartcl)                should define them using \DeclareNewSectionCommand
(scrartcl)                instead.


Package scrartcl Warning: Usage of \@startsection detected.
(scrartcl)                Note, the sectioning of scrartcl does neither use
(scrartcl)                nor support the usage of \@startsection command.
(scrartcl)                This means, that none of the KOMA-Script features
(scrartcl)                for headings is available for the heading on line
(scrartcl)                333.
(scrartcl)                If you need additional sectioning commands, you
(scrartcl)                should define them using \DeclareNewSectionCommand
(scrartcl)                instead.

[11] [12]

Package scrartcl Warning: Usage of \@startsection detected.
(scrartcl)                Note, the sectioning of scrartcl does neither use
(scrartcl)                nor support the usage of \@startsection command.
(scrartcl)                This means, that none of the KOMA-Script features
(scrartcl)                for headings is available for the heading on line
(scrartcl)                395.
(scrartcl)                If you need additional sectioning commands, you
(scrartcl)                should define them using \DeclareNewSectionCommand
(scrartcl)                instead.


Underfull \hbox (badness 10000) in paragraph at lines 407--407
[]|\T1/cmr/m/n/8 Initial
 []


Underfull \hbox (badness 3158) in paragraph at lines 409--409
[]|\T1/cmr/m/n/8 Accurate stel-lar para-met-
 []


Underfull \hbox (badness 1552) in paragraph at lines 409--409
\T1/cmr/m/n/8 com-pon-ents over a broad
 []


Underfull \hbox (badness 10000) in paragraph at lines 411--411
[]|[]\T1/cmr/m/n/8 Heªminiak et al.[]
 []


Underfull \hbox (badness 10000) in paragraph at lines 411--411
[]|\T1/cmr/m/n/8 Detached ec-lipsing
 []


Underfull \hbox (badness 1009) in paragraph at lines 411--411
\T1/cmr/m/n/8 ad-di-tional at-mo-spheric in-
 []


Underfull \hbox (badness 10000) in paragraph at lines 413--413
[]|\T1/cmr/m/n/8 Surface-brightness--colour
 []


Underfull \hbox (badness 10000) in paragraph at lines 415--415
[]|\T1/cmr/m/n/8 Pre-existing benchmark-
 []


Underfull \hbox (badness 3168) in paragraph at lines 417--417
[]|\T1/cmr/m/n/8 Asteroseismic masses and
 []


Underfull \hbox (badness 1430) in paragraph at lines 417--417
\T1/cmr/m/n/8 radii for mostly solar-like
 []


Underfull \hbox (badness 10000) in paragraph at lines 419--419
[]|\T1/cmr/m/n/8 Mixed bench-mark
 []


Underfull \hbox (badness 2582) in paragraph at lines 419--419
[]|\T1/cmr/m/n/8 Stellar mass-determination
 []


Underfull \hbox (badness 4479) in paragraph at lines 419--419
\T1/cmr/m/n/8 gram, in-clud-ing ec-lipsing
 []


Underfull \hbox (badness 1178) in paragraph at lines 419--419
\T1/cmr/m/n/8 bin-ar-ies and as-ter-o-seis-mo-
 []


Underfull \hbox (badness 10000) in paragraph at lines 421--421
[]|\T1/cmr/m/n/8 Interferometry and
 []


Underfull \hbox (badness 2221) in paragraph at lines 421--421
\T1/cmr/m/n/8 benchmark-star cal-ib-
 []


Underfull \hbox (badness 4940) in paragraph at lines 421--422
[]|\T1/cmr/m/n/8 Luminosities were provided as
 []


Underfull \hbox (badness 1033) in paragraph at lines 423--424
[]|\T1/cmr/m/n/8 Treated with ad-di-tional cau-tion
 []


Underfull \hbox (badness 1137) in paragraph at lines 425--425
\T1/cmr/m/n/8 Kepler main-sequence and
 []

[13]

Package scrartcl Warning: Usage of \@startsection detected.
(scrartcl)                Note, the sectioning of scrartcl does neither use
(scrartcl)                nor support the usage of \@startsection command.
(scrartcl)                This means, that none of the KOMA-Script features
(scrartcl)                for headings is available for the heading on line
(scrartcl)                438.
(scrartcl)                If you need additional sectioning commands, you
(scrartcl)                should define them using \DeclareNewSectionCommand
(scrartcl)                instead.

[14]
<hr_diagram_parsec_sample_clean.png, id=395, 834.9594pt x 254.3904pt>
File: hr_diagram_parsec_sample_clean.png Graphic file (type png)
<use hr_diagram_parsec_sample_clean.png>
Package pdftex.def Info: hr_diagram_parsec_sample_clean.png  used on input line 462.
(pdftex.def)             Requested size: 467.5952pt x 142.46541pt.
 [15]

Package scrartcl Warning: Usage of \@startsection detected.
(scrartcl)                Note, the sectioning of scrartcl does neither use
(scrartcl)                nor support the usage of \@startsection command.
(scrartcl)                This means, that none of the KOMA-Script features
(scrartcl)                for headings is available for the heading on line
(scrartcl)                471.
(scrartcl)                If you need additional sectioning commands, you
(scrartcl)                should define them using \DeclareNewSectionCommand
(scrartcl)                instead.


Package scrartcl Warning: Usage of \@startsection detected.
(scrartcl)                Note, the sectioning of scrartcl does neither use
(scrartcl)                nor support the usage of \@startsection command.
(scrartcl)                This means, that none of the KOMA-Script features
(scrartcl)                for headings is available for the heading on line
(scrartcl)                478.
(scrartcl)                If you need additional sectioning commands, you
(scrartcl)                should define them using \DeclareNewSectionCommand
(scrartcl)                instead.

[16 <./hr_diagram_parsec_sample_clean.png>]

Package scrartcl Warning: Usage of \@startsection detected.
(scrartcl)                Note, the sectioning of scrartcl does neither use
(scrartcl)                nor support the usage of \@startsection command.
(scrartcl)                This means, that none of the KOMA-Script features
(scrartcl)                for headings is available for the heading on line
(scrartcl)                485.
(scrartcl)                If you need additional sectioning commands, you
(scrartcl)                should define them using \DeclareNewSectionCommand
(scrartcl)                instead.

<HBNN_mass_3param_L_1000_seed_225_full_prediction.png, id=440, 569.9694pt x 425.1885pt>
File: HBNN_mass_3param_L_1000_seed_225_full_prediction.png Graphic file (type png)
<use HBNN_mass_3param_L_1000_seed_225_full_prediction.png>
Package pdftex.def Info: HBNN_mass_3param_L_1000_seed_225_full_prediction.png  used on input line 504.
(pdftex.def)             Requested size: 113.35837pt x 84.56258pt.
<HBNN_mass_3param_L_1000_seed_225_full_residual.png, id=441, 569.9694pt x 425.1885pt>
File: HBNN_mass_3param_L_1000_seed_225_full_residual.png Graphic file (type png)
<use HBNN_mass_3param_L_1000_seed_225_full_residual.png>
Package pdftex.def Info: HBNN_mass_3param_L_1000_seed_225_full_residual.png  used on input line 511.
(pdftex.def)             Requested size: 113.35837pt x 84.56258pt.
<GP_mass_3param_L_1000_seed_225_filtered_95_prediction.png, id=442, 566.115pt x 425.1885pt>
File: GP_mass_3param_L_1000_seed_225_filtered_95_prediction.png Graphic file (type png)
<use GP_mass_3param_L_1000_seed_225_filtered_95_prediction.png>
Package pdftex.def Info: GP_mass_3param_L_1000_seed_225_filtered_95_prediction.png  used on input line 518.
(pdftex.def)             Requested size: 113.35837pt x 85.13998pt.
<GP_mass_3param_L_1000_seed_225_filtered_95_residual.png, id=443, 565.1514pt x 425.1885pt>
File: GP_mass_3param_L_1000_seed_225_filtered_95_residual.png Graphic file (type png)
<use GP_mass_3param_L_1000_seed_225_filtered_95_residual.png>
Package pdftex.def Info: GP_mass_3param_L_1000_seed_225_filtered_95_residual.png  used on input line 525.
(pdftex.def)             Requested size: 113.35837pt x 85.28273pt.
<BART_mass_3param_L_prediction_seed_225_full_prediction.png, id=444, 569.9694pt x 425.1885pt>
File: BART_mass_3param_L_prediction_seed_225_full_prediction.png Graphic file (type png)
<use BART_mass_3param_L_prediction_seed_225_full_prediction.png>
Package pdftex.def Info: BART_mass_3param_L_prediction_seed_225_full_prediction.png  used on input line 535.
(pdftex.def)             Requested size: 113.35837pt x 84.56258pt.
<BART_mass_3param_L_prediction_seed_225_full_residual.png, id=445, 569.9694pt x 425.1885pt>
File: BART_mass_3param_L_prediction_seed_225_full_residual.png Graphic file (type png)
<use BART_mass_3param_L_prediction_seed_225_full_residual.png>
Package pdftex.def Info: BART_mass_3param_L_prediction_seed_225_full_residual.png  used on input line 542.
(pdftex.def)             Requested size: 113.35837pt x 84.56258pt.
<BHS_mass_3param_L_prediction_seed_225_filtered_95_prediction.png, id=446, 569.9694pt x 425.1885pt>
File: BHS_mass_3param_L_prediction_seed_225_filtered_95_prediction.png Graphic file (type png)
<use BHS_mass_3param_L_prediction_seed_225_filtered_95_prediction.png>
Package pdftex.def Info: BHS_mass_3param_L_prediction_seed_225_filtered_95_prediction.png  used on input line 549.
(pdftex.def)             Requested size: 113.35837pt x 84.56258pt.
<BHS_mass_3param_L_prediction_seed_225_filtered_95_residual.png, id=447, 569.9694pt x 425.1885pt>
File: BHS_mass_3param_L_prediction_seed_225_filtered_95_residual.png Graphic file (type png)
<use BHS_mass_3param_L_prediction_seed_225_filtered_95_residual.png>
Package pdftex.def Info: BHS_mass_3param_L_prediction_seed_225_filtered_95_residual.png  used on input line 556.
(pdftex.def)             Requested size: 113.35837pt x 84.56258pt.
[17] [18 <./HBNN_mass_3param_L_1000_seed_225_full_prediction.png> <./HBNN_mass_3param_L_1000_seed_225_full_residual.png> <./GP_mass_3param_L_1000_seed_225_filtered_95_prediction.png> <./GP_mass_3param_L_1000_seed_225_filtered_95_residual.png> <./BART_mass_3param_L_prediction_seed_225_full_prediction.png> <./BART_mass_3param_L_prediction_seed_225_full_residual.png> <./BHS_mass_3param_L_prediction_seed_225_filtered_95_prediction.png> <./BHS_mass_3param_L_prediction_seed_225_filtered_95_residual.png>] [19]

Package scrartcl Warning: Usage of \@startsection detected.
(scrartcl)                Note, the sectioning of scrartcl does neither use
(scrartcl)                nor support the usage of \@startsection command.
(scrartcl)                This means, that none of the KOMA-Script features
(scrartcl)                for headings is available for the heading on line
(scrartcl)                625.
(scrartcl)                If you need additional sectioning commands, you
(scrartcl)                should define them using \DeclareNewSectionCommand
(scrartcl)                instead.

[20]

Package scrartcl Warning: Usage of \@startsection detected.
(scrartcl)                Note, the sectioning of scrartcl does neither use
(scrartcl)                nor support the usage of \@startsection command.
(scrartcl)                This means, that none of the KOMA-Script features
(scrartcl)                for headings is available for the heading on line
(scrartcl)                634.
(scrartcl)                If you need additional sectioning commands, you
(scrartcl)                should define them using \DeclareNewSectionCommand
(scrartcl)                instead.

[21]
<HBNN_mass_3param_L_1000_draws_4_chains_15_nodes_sig_015_seed_176_full_prediction_no_title_smaller_points_fontplus2.png, id=540, 504.2037pt x 382.3083pt>
File: HBNN_mass_3param_L_1000_draws_4_chains_15_nodes_sig_015_seed_176_full_prediction_no_title_smaller_points_fontplus2.png Graphic file (type png)
<use HBNN_mass_3param_L_1000_draws_4_chains_15_nodes_sig_015_seed_176_full_prediction_no_title_smaller_points_fontplus2.png>
Package pdftex.def Info: HBNN_mass_3param_L_1000_draws_4_chains_15_nodes_sig_015_seed_176_full_prediction_no_title_smaller_points_fontplus2.png  used on input line 663.
(pdftex.def)             Requested size: 113.35837pt x 85.95148pt.
<HBNN_mass_3param_L_1000_draws_4_chains_15_nodes_sig_015_seed_176_full_residual_no_title_smaller_points_fontplus2.png, id=541, 504.2037pt x 382.3083pt>
File: HBNN_mass_3param_L_1000_draws_4_chains_15_nodes_sig_015_seed_176_full_residual_no_title_smaller_points_fontplus2.png Graphic file (type png)
<use HBNN_mass_3param_L_1000_draws_4_chains_15_nodes_sig_015_seed_176_full_residual_no_title_smaller_points_fontplus2.png>
Package pdftex.def Info: HBNN_mass_3param_L_1000_draws_4_chains_15_nodes_sig_015_seed_176_full_residual_no_title_smaller_points_fontplus2.png  used on input line 670.
(pdftex.def)             Requested size: 113.35837pt x 85.95148pt.
<GP_mass_3param_L_1000_draws_4_chains_80_40_seed_176_filtered_90_prediction_no_title_smaller_points_fontplus2.png, id=542, 504.2037pt x 382.3083pt>
File: GP_mass_3param_L_1000_draws_4_chains_80_40_seed_176_filtered_90_prediction_no_title_smaller_points_fontplus2.png Graphic file (type png)
<use GP_mass_3param_L_1000_draws_4_chains_80_40_seed_176_filtered_90_prediction_no_title_smaller_points_fontplus2.png>
Package pdftex.def Info: GP_mass_3param_L_1000_draws_4_chains_80_40_seed_176_filtered_90_prediction_no_title_smaller_points_fontplus2.png  used on input line 677.
(pdftex.def)             Requested size: 113.35837pt x 85.95148pt.
<GP_mass_3param_L_1000_draws_4_chains_80_40_seed_176_filtered_90_residual_no_title_smaller_points_fontplus2.png, id=543, 504.2037pt x 382.3083pt>
File: GP_mass_3param_L_1000_draws_4_chains_80_40_seed_176_filtered_90_residual_no_title_smaller_points_fontplus2.png Graphic file (type png)
<use GP_mass_3param_L_1000_draws_4_chains_80_40_seed_176_filtered_90_residual_no_title_smaller_points_fontplus2.png>
Package pdftex.def Info: GP_mass_3param_L_1000_draws_4_chains_80_40_seed_176_filtered_90_residual_no_title_smaller_points_fontplus2.png  used on input line 684.
(pdftex.def)             Requested size: 113.35837pt x 85.95148pt.
<BART_mass_3param_L_prediction_seed_176_full_prediction_fontminus2_vertical_legend.png, id=544, 528.0528pt x 386.6445pt>
File: BART_mass_3param_L_prediction_seed_176_full_prediction_fontminus2_vertical_legend.png Graphic file (type png)
<use BART_mass_3param_L_prediction_seed_176_full_prediction_fontminus2_vertical_legend.png>
Package pdftex.def Info: BART_mass_3param_L_prediction_seed_176_full_prediction_fontminus2_vertical_legend.png  used on input line 694.
(pdftex.def)             Requested size: 113.35837pt x 82.99715pt.
<BART_mass_3param_L_prediction_seed_176_full_residual_fontminus2_vertical_legend.png, id=545, 528.0528pt x 386.6445pt>
File: BART_mass_3param_L_prediction_seed_176_full_residual_fontminus2_vertical_legend.png Graphic file (type png)
<use BART_mass_3param_L_prediction_seed_176_full_residual_fontminus2_vertical_legend.png>
Package pdftex.def Info: BART_mass_3param_L_prediction_seed_176_full_residual_fontminus2_vertical_legend.png  used on input line 701.
(pdftex.def)             Requested size: 113.35837pt x 82.99715pt.
<BHS_mass_3param_L_prediction_seed_176_filtered_90_prediction_fontminus2_vertical_legend.png, id=546, 528.0528pt x 386.6445pt>
File: BHS_mass_3param_L_prediction_seed_176_filtered_90_prediction_fontminus2_vertical_legend.png Graphic file (type png)
<use BHS_mass_3param_L_prediction_seed_176_filtered_90_prediction_fontminus2_vertical_legend.png>
Package pdftex.def Info: BHS_mass_3param_L_prediction_seed_176_filtered_90_prediction_fontminus2_vertical_legend.png  used on input line 708.
(pdftex.def)             Requested size: 113.35837pt x 82.99715pt.
<BHS_mass_3param_L_prediction_seed_176_filtered_90_residual_fontminus2_clear_vertical_legend.png, id=547, 528.0528pt x 386.6445pt>
File: BHS_mass_3param_L_prediction_seed_176_filtered_90_residual_fontminus2_clear_vertical_legend.png Graphic file (type png)
<use BHS_mass_3param_L_prediction_seed_176_filtered_90_residual_fontminus2_clear_vertical_legend.png>
Package pdftex.def Info: BHS_mass_3param_L_prediction_seed_176_filtered_90_residual_fontminus2_clear_vertical_legend.png  used on input line 715.
(pdftex.def)             Requested size: 113.35837pt x 82.99715pt.
 [22] [23 <./HBNN_mass_3param_L_1000_draws_4_chains_15_nodes_sig_015_seed_176_full_prediction_no_title_smaller_points_fontplus2.png> <./HBNN_mass_3param_L_1000_draws_4_chains_15_nodes_sig_015_seed_176_full_residual_no_title_smaller_points_fontplus2.png> <./GP_mass_3param_L_1000_draws_4_chains_80_40_seed_176_filtered_90_prediction_no_title_smaller_points_fontplus2.png> <./GP_mass_3param_L_1000_draws_4_chains_80_40_seed_176_filtered_90_residual_no_title_smaller_points_fontplus2.png> <./BART_mass_3param_L_prediction_seed_176_full_prediction_fontminus2_vertical_legend.png> <./BART_mass_3param_L_prediction_seed_176_full_residual_fontminus2_vertical_legend.png> <./BHS_mass_3param_L_prediction_seed_176_filtered_90_prediction_fontminus2_vertical_legend.png> <./BHS_mass_3param_L_prediction_seed_176_filtered_90_residual_fontminus2_clear_vertical_legend.png>]
<mass_predictions_seed_819_without_bhs_2022_fractional_residual_distributions.png, id=574, 714.0276pt x 425.6703pt>
File: mass_predictions_seed_819_without_bhs_2022_fractional_residual_distributions.png Graphic file (type png)
<use mass_predictions_seed_819_without_bhs_2022_fractional_residual_distributions.png>
Package pdftex.def Info: mass_predictions_seed_819_without_bhs_2022_fractional_residual_distributions.png  used on input line 734.
(pdftex.def)             Requested size: 377.85405pt x 225.26642pt.
 [24 <./mass_predictions_seed_819_without_bhs_2022_fractional_residual_distributions.png>]

Package scrartcl Warning: Usage of \@startsection detected.
(scrartcl)                Note, the sectioning of scrartcl does neither use
(scrartcl)                nor support the usage of \@startsection command.
(scrartcl)                This means, that none of the KOMA-Script features
(scrartcl)                for headings is available for the heading on line
(scrartcl)                756.
(scrartcl)                If you need additional sectioning commands, you
(scrartcl)                should define them using \DeclareNewSectionCommand
(scrartcl)                instead.


Package scrartcl Warning: Usage of \@startsection detected.
(scrartcl)                Note, the sectioning of scrartcl does neither use
(scrartcl)                nor support the usage of \@startsection command.
(scrartcl)                This means, that none of the KOMA-Script features
(scrartcl)                for headings is available for the heading on line
(scrartcl)                769.
(scrartcl)                If you need additional sectioning commands, you
(scrartcl)                should define them using \DeclareNewSectionCommand
(scrartcl)                instead.

[25]

Package scrartcl Warning: Usage of \@startsection detected.
(scrartcl)                Note, the sectioning of scrartcl does neither use
(scrartcl)                nor support the usage of \@startsection command.
(scrartcl)                This means, that none of the KOMA-Script features
(scrartcl)                for headings is available for the heading on line
(scrartcl)                793.
(scrartcl)                If you need additional sectioning commands, you
(scrartcl)                should define them using \DeclareNewSectionCommand
(scrartcl)                instead.

[26]
<10_bins_02_fractional_residual_vs_log10_oblateness.png, id=618, 520.344pt x 361.35pt>
File: 10_bins_02_fractional_residual_vs_log10_oblateness.png Graphic file (type png)
<use 10_bins_02_fractional_residual_vs_log10_oblateness.png>
Package pdftex.def Info: 10_bins_02_fractional_residual_vs_log10_oblateness.png  used on input line 805.
(pdftex.def)             Requested size: 231.43732pt x 160.72029pt.
<10_bins_02c_abs_fractional_residual_vs_log10_oblateness.png, id=619, 520.344pt x 361.35pt>
File: 10_bins_02c_abs_fractional_residual_vs_log10_oblateness.png Graphic file (type png)
<use 10_bins_02c_abs_fractional_residual_vs_log10_oblateness.png>
Package pdftex.def Info: 10_bins_02c_abs_fractional_residual_vs_log10_oblateness.png  used on input line 812.
(pdftex.def)             Requested size: 231.43732pt x 160.72029pt.
 [27 <./10_bins_02_fractional_residual_vs_log10_oblateness.png> <./10_bins_02c_abs_fractional_residual_vs_log10_oblateness.png>]
<04_predicted_vs_true_EB_masses.png, id=635, 733.0587pt x 552.6246pt>
File: 04_predicted_vs_true_EB_masses.png Graphic file (type png)
<use 04_predicted_vs_true_EB_masses.png>
Package pdftex.def Info: 04_predicted_vs_true_EB_masses.png  used on input line 834.
(pdftex.def)             Requested size: 146.41673pt x 110.37117pt.
<03_fractional_residual_vs_true_EB_mass.png, id=636, 732.0951pt x 552.6246pt>
File: 03_fractional_residual_vs_true_EB_mass.png Graphic file (type png)
<use 03_fractional_residual_vs_true_EB_mass.png>
Package pdftex.def Info: 03_fractional_residual_vs_true_EB_mass.png  used on input line 841.
(pdftex.def)             Requested size: 146.41673pt x 110.52295pt.
<05_fractional_residual_vs_log10_oblateness_mass_colored.png, id=637, 785.334pt x 516.4896pt>
File: 05_fractional_residual_vs_log10_oblateness_mass_colored.png Graphic file (type png)
<use 05_fractional_residual_vs_log10_oblateness_mass_colored.png>
Package pdftex.def Info: 05_fractional_residual_vs_log10_oblateness_mass_colored.png  used on input line 848.
(pdftex.def)             Requested size: 165.3134pt x 108.7182pt.

Underfull \hbox (badness 3780) in paragraph at lines 849--849
[][][]|\T1/cmr/m/n/10.95 Frac-tional re-sid-uals, colour-
 []

[28 <./04_predicted_vs_true_EB_masses.png> <./03_fractional_residual_vs_true_EB_mass.png> <./05_fractional_residual_vs_log10_oblateness_mass_colored.png>]

Package scrartcl Warning: Usage of \@startsection detected.
(scrartcl)                Note, the sectioning of scrartcl does neither use
(scrartcl)                nor support the usage of \@startsection command.
(scrartcl)                This means, that none of the KOMA-Script features
(scrartcl)                for headings is available for the heading on line
(scrartcl)                866.
(scrartcl)                If you need additional sectioning commands, you
(scrartcl)                should define them using \DeclareNewSectionCommand
(scrartcl)                instead.

[29]

Package scrartcl Warning: Usage of \@startsection detected.
(scrartcl)                Note, the sectioning of scrartcl does neither use
(scrartcl)                nor support the usage of \@startsection command.
(scrartcl)                This means, that none of the KOMA-Script features
(scrartcl)                for headings is available for the heading on line
(scrartcl)                876.
(scrartcl)                If you need additional sectioning commands, you
(scrartcl)                should define them using \DeclareNewSectionCommand
(scrartcl)                instead.

[30] (main.bbl

Package scrartcl Warning: Usage of \@startsection detected.
(scrartcl)                Note, the sectioning of scrartcl does neither use
(scrartcl)                nor support the usage of \@startsection command.
(scrartcl)                This means, that none of the KOMA-Script features
(scrartcl)                for headings is available for the heading on line 1.
(scrartcl)                If you need additional sectioning commands, you
(scrartcl)                should define them using \DeclareNewSectionCommand
(scrartcl)                instead.


Underfull \hbox (badness 10000) in paragraph at lines 10--13
[]\T1/cmr/m/n/12 Ariel Stel-lar Char-ac-ter-isa-tion Work-ing Group. n.d., Age Mass Ra-dius sub-
 []


Underfull \hbox (badness 10000) in paragraph at lines 10--13
\T1/cmr/m/n/12 WG, []$\T1/cmtt/m/n/12 https : / / sites . google . com / inaf . it / arielstellarcatalogue / the-[]team /
 []

[31] [32]) [33] (main.aux)
 ***********
LaTeX2e <2025-11-01>
L3 programming layer <2020/03/25>
 ***********
 ) 
Here is how much of TeX's memory you used:
 40550 strings out of 467871
 890163 string characters out of 5414020
 1517396 words of memory out of 5000000
 68666 multiletter control sequences out of 15000+600000
 656107 words of font info for 102 fonts, out of 8000000 for 9000
 1141 hyphenation exceptions out of 8191
 113i,13n,110p,11313b,1295s stack positions out of 10000i,1000n,20000p,200000b,200000s
 <C:\Users\ngeorgakopulos\AppData\Local\MiKTeX\fonts/pk/ljfour/jknappen/ec/dpi600\ectt1200.pk> <C:\Users\ngeorgakopulos\AppData\Local\MiKTeX\fonts/pk/ljfour/jknappen/ec/dpi600\ecrm0700.pk> <C:\Users\ngeorgakopulos\AppData\Local\MiKTeX\fonts/pk/ljfour/jknappen/ec/dpi600\ecxc1200.pk> <C:\Users\ngeorgakopulos\AppData\Local\MiKTeX\fonts/pk/ljfour/jknappen/ec/dpi600\ecrm1000.pk> <C:\Users\ngeorgakopulos\AppData\Local\MiKTeX\fonts/pk/ljfour/jknappen/ec/dpi600\ecrm0800.pk> <C:\Users\ngeorgakopulos\AppData\Local\MiKTeX\fonts/pk/ljfour/jknappen/ec/dpi600\ecrm1095.pk> <C:\Users\ngeorgakopulos\AppData\Local\MiKTeX\fonts/pk/ljfour/jknappen/ec/dpi600\ecbx1095.pk> <C:\Users\ngeorgakopulos\AppData\Local\MiKTeX\fonts/pk/ljfour/jknappen/ec/dpi600\ecxc1440.pk> <C:\Users\ngeorgakopulos\AppData\Local\MiKTeX\fonts/pk/ljfour/jknappen/ec/dpi600\ecsx1200.pk> <C:\Users\ngeorgakopulos\AppData\Local\MiKTeX\fonts/pk/ljfour/jknappen/ec/dpi600\ecxc1728.pk> <C:\Users\ngeorgakopulos\AppData\Local\MiKTeX\fonts/pk/ljfour/jknappen/ec/dpi600\ecti1200.pk> <C:\Users\ngeorgakopulos\AppData\Local\MiKTeX\fonts/pk/ljfour/jknappen/ec/dpi600\ecbx1200.pk> <C:\Users\ngeorgakopulos\AppData\Local\MiKTeX\fonts/pk/ljfour/jknappen/ec/dpi600\ecrm1200.pk> <C:\Users\ngeorgakopulos\AppData\Local\MiKTeX\fonts/pk/ljfour/jknappen/ec/dpi600\ecbx2074.pk><C:/Users/ngeorgakopulos/AppData/Local/Programs/MiKTeX/fonts/type1/public/amsfonts/cm/cmex10.pfb><C:/Users/ngeorgakopulos/AppData/Local/Programs/MiKTeX/fonts/type1/public/amsfonts/cm/cmmi10.pfb><C:/Users/ngeorgakopulos/AppData/Local/Programs/MiKTeX/fonts/type1/public/amsfonts/cm/cmmi12.pfb><C:/Users/ngeorgakopulos/AppData/Local/Programs/MiKTeX/fonts/type1/public/amsfonts/cm/cmmi6.pfb><C:/Users/ngeorgakopulos/AppData/Local/Programs/MiKTeX/fonts/type1/public/amsfonts/cm/cmmi8.pfb><C:/Users/ngeorgakopulos/AppData/Local/Programs/MiKTeX/fonts/type1/public/amsfonts/cm/cmmib10.pfb><C:/Users/ngeorgakopulos/AppData/Local/Programs/MiKTeX/fonts/type1/public/amsfonts/cm/cmr10.pfb><C:/Users/ngeorgakopulos/AppData/Local/Programs/MiKTeX/fonts/type1/public/amsfonts/cm/cmr12.pfb><C:/Users/ngeorgakopulos/AppData/Local/Programs/MiKTeX/fonts/type1/public/amsfonts/cm/cmr6.pfb><C:/Users/ngeorgakopulos/AppData/Local/Programs/MiKTeX/fonts/type1/public/amsfonts/cm/cmr7.pfb><C:/Users/ngeorgakopulos/AppData/Local/Programs/MiKTeX/fonts/type1/public/amsfonts/cm/cmr8.pfb><C:/Users/ngeorgakopulos/AppData/Local/Programs/MiKTeX/fonts/type1/public/amsfonts/cm/cmsy10.pfb><C:/Users/ngeorgakopulos/AppData/Local/Programs/MiKTeX/fonts/type1/public/amsfonts/cm/cmsy7.pfb><C:/Users/ngeorgakopulos/AppData/Local/Programs/MiKTeX/fonts/type1/public/amsfonts/cm/cmsy8.pfb><C:/Users/ngeorgakopulos/AppData/Local/Programs/MiKTeX/fonts/type1/public/amsfonts/symbols/msam10.pfb>
Output written on main.pdf (33 pages, 5158383 bytes).
PDF statistics:
 1489 PDF objects out of 1728 (max. 8388607)
 127 named destinations out of 1000 (max. 500000)
 468 words of extra memory for PDF output out of 10000 (max. 10000000)

